<?xml version="1.0"?>
<link_info>
   <banner>MSP430 Linker PC v15.12.2.LTS</banner>
   <copyright>Copyright (c) 2003-2015 Texas Instruments Incorporated</copyright>
   <link_time>0x5788bee4</link_time>
   <link_errors>0x0</link_errors>
   <output_file>Adventurer_v_9CCS.out</output_file>
   <entry_point>
      <name>_c_int00_noargs_noexit</name>
      <address>0x4bd4</address>
   </entry_point>
   <input_file_list>
      <input_file id="fl-2">
         <path>.\</path>
         <kind>object</kind>
         <file>Adafruit_SSD1306.obj</file>
         <name>Adafruit_SSD1306.obj</name>
      </input_file>
      <input_file id="fl-3">
         <path>.\</path>
         <kind>object</kind>
         <file>FXOS8700CQ.obj</file>
         <name>FXOS8700CQ.obj</name>
      </input_file>
      <input_file id="fl-4">
         <path>.\</path>
         <kind>object</kind>
         <file>MS5803.obj</file>
         <name>MS5803.obj</name>
      </input_file>
      <input_file id="fl-5">
         <path>.\</path>
         <kind>object</kind>
         <file>glcdfont.obj</file>
         <name>glcdfont.obj</name>
      </input_file>
      <input_file id="fl-6">
         <path>.\</path>
         <kind>object</kind>
         <file>main.obj</file>
         <name>main.obj</name>
      </input_file>
      <input_file id="fl-27">
         <path>C:\ti\ccsv6\tools\compiler\msp430_15.12.2.LTS\lib\</path>
         <kind>archive</kind>
         <file>rts430x_lc_rd_eabi.lib</file>
         <name>copy_decompress_none.obj</name>
      </input_file>
      <input_file id="fl-28">
         <path>C:\ti\ccsv6\tools\compiler\msp430_15.12.2.LTS\lib\</path>
         <kind>archive</kind>
         <file>rts430x_lc_rd_eabi.lib</file>
         <name>copy_decompress_rle.obj</name>
      </input_file>
      <input_file id="fl-29">
         <path>C:\ti\ccsv6\tools\compiler\msp430_15.12.2.LTS\lib\</path>
         <kind>archive</kind>
         <file>rts430x_lc_rd_eabi.lib</file>
         <name>int31.obj</name>
      </input_file>
      <input_file id="fl-2a">
         <path>C:\ti\ccsv6\tools\compiler\msp430_15.12.2.LTS\lib\</path>
         <kind>archive</kind>
         <file>rts430x_lc_rd_eabi.lib</file>
         <name>isr_trap.obj</name>
      </input_file>
      <input_file id="fl-2b">
         <path>C:\ti\ccsv6\tools\compiler\msp430_15.12.2.LTS\lib\</path>
         <kind>archive</kind>
         <file>rts430x_lc_rd_eabi.lib</file>
         <name>int32.obj</name>
      </input_file>
      <input_file id="fl-2c">
         <path>C:\ti\ccsv6\tools\compiler\msp430_15.12.2.LTS\lib\</path>
         <kind>archive</kind>
         <file>rts430x_lc_rd_eabi.lib</file>
         <name>int33.obj</name>
      </input_file>
      <input_file id="fl-2d">
         <path>C:\ti\ccsv6\tools\compiler\msp430_15.12.2.LTS\lib\</path>
         <kind>archive</kind>
         <file>rts430x_lc_rd_eabi.lib</file>
         <name>int34.obj</name>
      </input_file>
      <input_file id="fl-2e">
         <path>C:\ti\ccsv6\tools\compiler\msp430_15.12.2.LTS\lib\</path>
         <kind>archive</kind>
         <file>rts430x_lc_rd_eabi.lib</file>
         <name>int35.obj</name>
      </input_file>
      <input_file id="fl-2f">
         <path>C:\ti\ccsv6\tools\compiler\msp430_15.12.2.LTS\lib\</path>
         <kind>archive</kind>
         <file>rts430x_lc_rd_eabi.lib</file>
         <name>int36.obj</name>
      </input_file>
      <input_file id="fl-30">
         <path>C:\ti\ccsv6\tools\compiler\msp430_15.12.2.LTS\lib\</path>
         <kind>archive</kind>
         <file>rts430x_lc_rd_eabi.lib</file>
         <name>int37.obj</name>
      </input_file>
      <input_file id="fl-31">
         <path>C:\ti\ccsv6\tools\compiler\msp430_15.12.2.LTS\lib\</path>
         <kind>archive</kind>
         <file>rts430x_lc_rd_eabi.lib</file>
         <name>int38.obj</name>
      </input_file>
      <input_file id="fl-32">
         <path>C:\ti\ccsv6\tools\compiler\msp430_15.12.2.LTS\lib\</path>
         <kind>archive</kind>
         <file>rts430x_lc_rd_eabi.lib</file>
         <name>int41.obj</name>
      </input_file>
      <input_file id="fl-33">
         <path>C:\ti\ccsv6\tools\compiler\msp430_15.12.2.LTS\lib\</path>
         <kind>archive</kind>
         <file>rts430x_lc_rd_eabi.lib</file>
         <name>int42.obj</name>
      </input_file>
      <input_file id="fl-34">
         <path>C:\ti\ccsv6\tools\compiler\msp430_15.12.2.LTS\lib\</path>
         <kind>archive</kind>
         <file>rts430x_lc_rd_eabi.lib</file>
         <name>int43.obj</name>
      </input_file>
      <input_file id="fl-35">
         <path>C:\ti\ccsv6\tools\compiler\msp430_15.12.2.LTS\lib\</path>
         <kind>archive</kind>
         <file>rts430x_lc_rd_eabi.lib</file>
         <name>int45.obj</name>
      </input_file>
      <input_file id="fl-36">
         <path>C:\ti\ccsv6\tools\compiler\msp430_15.12.2.LTS\lib\</path>
         <kind>archive</kind>
         <file>rts430x_lc_rd_eabi.lib</file>
         <name>int46.obj</name>
      </input_file>
      <input_file id="fl-37">
         <path>C:\ti\ccsv6\tools\compiler\msp430_15.12.2.LTS\lib\</path>
         <kind>archive</kind>
         <file>rts430x_lc_rd_eabi.lib</file>
         <name>int47.obj</name>
      </input_file>
      <input_file id="fl-38">
         <path>C:\ti\ccsv6\tools\compiler\msp430_15.12.2.LTS\lib\</path>
         <kind>archive</kind>
         <file>rts430x_lc_rd_eabi.lib</file>
         <name>int49.obj</name>
      </input_file>
      <input_file id="fl-39">
         <path>C:\ti\ccsv6\tools\compiler\msp430_15.12.2.LTS\lib\</path>
         <kind>archive</kind>
         <file>rts430x_lc_rd_eabi.lib</file>
         <name>int50.obj</name>
      </input_file>
      <input_file id="fl-3a">
         <path>C:\ti\ccsv6\tools\compiler\msp430_15.12.2.LTS\lib\</path>
         <kind>archive</kind>
         <file>rts430x_lc_rd_eabi.lib</file>
         <name>int51.obj</name>
      </input_file>
      <input_file id="fl-3b">
         <path>C:\ti\ccsv6\tools\compiler\msp430_15.12.2.LTS\lib\</path>
         <kind>archive</kind>
         <file>rts430x_lc_rd_eabi.lib</file>
         <name>int52.obj</name>
      </input_file>
      <input_file id="fl-3c">
         <path>C:\ti\ccsv6\tools\compiler\msp430_15.12.2.LTS\lib\</path>
         <kind>archive</kind>
         <file>rts430x_lc_rd_eabi.lib</file>
         <name>int53.obj</name>
      </input_file>
      <input_file id="fl-3d">
         <path>C:\ti\ccsv6\tools\compiler\msp430_15.12.2.LTS\lib\</path>
         <kind>archive</kind>
         <file>rts430x_lc_rd_eabi.lib</file>
         <name>int54.obj</name>
      </input_file>
      <input_file id="fl-3e">
         <path>C:\ti\ccsv6\tools\compiler\msp430_15.12.2.LTS\lib\</path>
         <kind>archive</kind>
         <file>rts430x_lc_rd_eabi.lib</file>
         <name>copy_zero_init.obj</name>
      </input_file>
      <input_file id="fl-3f">
         <path>C:\ti\ccsv6\tools\compiler\msp430_15.12.2.LTS\lib\</path>
         <kind>archive</kind>
         <file>rts430x_lc_rd_eabi.lib</file>
         <name>div16s.obj</name>
      </input_file>
      <input_file id="fl-40">
         <path>C:\ti\ccsv6\tools\compiler\msp430_15.12.2.LTS\lib\</path>
         <kind>archive</kind>
         <file>rts430x_lc_rd_eabi.lib</file>
         <name>div32s.obj</name>
      </input_file>
      <input_file id="fl-41">
         <path>C:\ti\ccsv6\tools\compiler\msp430_15.12.2.LTS\lib\</path>
         <kind>archive</kind>
         <file>rts430x_lc_rd_eabi.lib</file>
         <name>div16u.obj</name>
      </input_file>
      <input_file id="fl-42">
         <path>C:\ti\ccsv6\tools\compiler\msp430_15.12.2.LTS\lib\</path>
         <kind>archive</kind>
         <file>rts430x_lc_rd_eabi.lib</file>
         <name>div32u.obj</name>
      </input_file>
      <input_file id="fl-43">
         <path>C:\ti\ccsv6\tools\compiler\msp430_15.12.2.LTS\lib\</path>
         <kind>archive</kind>
         <file>rts430x_lc_rd_eabi.lib</file>
         <name>mult16.obj</name>
      </input_file>
      <input_file id="fl-44">
         <path>C:\ti\ccsv6\tools\compiler\msp430_15.12.2.LTS\lib\</path>
         <kind>archive</kind>
         <file>rts430x_lc_rd_eabi.lib</file>
         <name>mult16_f5hw.obj</name>
      </input_file>
      <input_file id="fl-45">
         <path>C:\ti\ccsv6\tools\compiler\msp430_15.12.2.LTS\lib\</path>
         <kind>archive</kind>
         <file>rts430x_lc_rd_eabi.lib</file>
         <name>mult32.obj</name>
      </input_file>
      <input_file id="fl-46">
         <path>C:\ti\ccsv6\tools\compiler\msp430_15.12.2.LTS\lib\</path>
         <kind>archive</kind>
         <file>rts430x_lc_rd_eabi.lib</file>
         <name>mult32_f5hw.obj</name>
      </input_file>
      <input_file id="fl-47">
         <path>C:\ti\ccsv6\tools\compiler\msp430_15.12.2.LTS\lib\</path>
         <kind>archive</kind>
         <file>rts430x_lc_rd_eabi.lib</file>
         <name>mult64.obj</name>
      </input_file>
      <input_file id="fl-48">
         <path>C:\ti\ccsv6\tools\compiler\msp430_15.12.2.LTS\lib\</path>
         <kind>archive</kind>
         <file>rts430x_lc_rd_eabi.lib</file>
         <name>mult64_f5hw.obj</name>
      </input_file>
      <input_file id="fl-49">
         <path>C:\ti\ccsv6\tools\compiler\msp430_15.12.2.LTS\lib\</path>
         <kind>archive</kind>
         <file>rts430x_lc_rd_eabi.lib</file>
         <name>mult1632_f5hw.obj</name>
      </input_file>
      <input_file id="fl-4a">
         <path>C:\ti\ccsv6\tools\compiler\msp430_15.12.2.LTS\lib\</path>
         <kind>archive</kind>
         <file>rts430x_lc_rd_eabi.lib</file>
         <name>mult3264.obj</name>
      </input_file>
      <input_file id="fl-4b">
         <path>C:\ti\ccsv6\tools\compiler\msp430_15.12.2.LTS\lib\</path>
         <kind>archive</kind>
         <file>rts430x_lc_rd_eabi.lib</file>
         <name>mult3264_f5hw.obj</name>
      </input_file>
      <input_file id="fl-4c">
         <path>C:\ti\ccsv6\tools\compiler\msp430_15.12.2.LTS\lib\</path>
         <kind>archive</kind>
         <file>rts430x_lc_rd_eabi.lib</file>
         <name>mult1632.obj</name>
      </input_file>
      <input_file id="fl-4d">
         <path>C:\ti\ccsv6\tools\compiler\msp430_15.12.2.LTS\lib\</path>
         <kind>archive</kind>
         <file>rts430x_lc_rd_eabi.lib</file>
         <name>lsl16.obj</name>
      </input_file>
      <input_file id="fl-4e">
         <path>C:\ti\ccsv6\tools\compiler\msp430_15.12.2.LTS\lib\</path>
         <kind>archive</kind>
         <file>rts430x_lc_rd_eabi.lib</file>
         <name>lsl32.obj</name>
      </input_file>
      <input_file id="fl-4f">
         <path>C:\ti\ccsv6\tools\compiler\msp430_15.12.2.LTS\lib\</path>
         <kind>archive</kind>
         <file>rts430x_lc_rd_eabi.lib</file>
         <name>lsl64.obj</name>
      </input_file>
      <input_file id="fl-50">
         <path>C:\ti\ccsv6\tools\compiler\msp430_15.12.2.LTS\lib\</path>
         <kind>archive</kind>
         <file>rts430x_lc_rd_eabi.lib</file>
         <name>lsr64.obj</name>
      </input_file>
      <input_file id="fl-51">
         <path>C:\ti\ccsv6\tools\compiler\msp430_15.12.2.LTS\lib\</path>
         <kind>archive</kind>
         <file>rts430x_lc_rd_eabi.lib</file>
         <name>boot.obj</name>
      </input_file>
      <input_file id="fl-52">
         <path>C:\ti\ccsv6\tools\compiler\msp430_15.12.2.LTS\lib\</path>
         <kind>archive</kind>
         <file>rts430x_lc_rd_eabi.lib</file>
         <name>args_main.obj</name>
      </input_file>
      <input_file id="fl-53">
         <path>C:\ti\ccsv6\tools\compiler\msp430_15.12.2.LTS\lib\</path>
         <kind>archive</kind>
         <file>rts430x_lc_rd_eabi.lib</file>
         <name>autoinit_wdt.obj</name>
      </input_file>
      <input_file id="fl-54">
         <path>C:\ti\ccsv6\tools\compiler\msp430_15.12.2.LTS\lib\</path>
         <kind>archive</kind>
         <file>rts430x_lc_rd_eabi.lib</file>
         <name>boot_special.obj</name>
      </input_file>
      <input_file id="fl-55">
         <path>C:\ti\ccsv6\tools\compiler\msp430_15.12.2.LTS\lib\</path>
         <kind>archive</kind>
         <file>rts430x_lc_rd_eabi.lib</file>
         <name>mpu_init.obj</name>
      </input_file>
      <input_file id="fl-56">
         <path>C:\ti\ccsv6\tools\compiler\msp430_15.12.2.LTS\lib\</path>
         <kind>archive</kind>
         <file>rts430x_lc_rd_eabi.lib</file>
         <name>startup.obj</name>
      </input_file>
      <input_file id="fl-57">
         <path>C:\ti\ccsv6\tools\compiler\msp430_15.12.2.LTS\lib\</path>
         <kind>archive</kind>
         <file>rts430x_lc_rd_eabi.lib</file>
         <name>pre_init.obj</name>
      </input_file>
      <input_file id="fl-58">
         <path>C:\ti\ccsv6\tools\compiler\msp430_15.12.2.LTS\lib\</path>
         <kind>archive</kind>
         <file>rts430x_lc_rd_eabi.lib</file>
         <name>exit.obj</name>
      </input_file>
      <input_file id="fl-59">
         <path>C:\ti\ccsv6\tools\compiler\msp430_15.12.2.LTS\lib\</path>
         <kind>archive</kind>
         <file>rts430x_lc_rd_eabi.lib</file>
         <name>exit_gvars.obj</name>
      </input_file>
      <input_file id="fl-5a">
         <path>C:\ti\ccsv6\tools\compiler\msp430_15.12.2.LTS\lib\</path>
         <kind>archive</kind>
         <file>rts430x_lc_rd_eabi.lib</file>
         <name>_lock.obj</name>
      </input_file>
      <input_file id="fl-5b">
         <path>C:\ti\ccsv6\tools\compiler\msp430_15.12.2.LTS\lib\</path>
         <kind>archive</kind>
         <file>rts430x_lc_rd_eabi.lib</file>
         <name>abs.obj</name>
      </input_file>
      <input_file id="fl-5c">
         <path>C:\ti\ccsv6\tools\compiler\msp430_15.12.2.LTS\lib\</path>
         <kind>archive</kind>
         <file>rts430x_lc_rd_eabi.lib</file>
         <name>cpy_tbl.obj</name>
      </input_file>
      <input_file id="fl-5d">
         <path>C:\ti\ccsv6\tools\compiler\msp430_15.12.2.LTS\lib\</path>
         <kind>archive</kind>
         <file>rts430x_lc_rd_eabi.lib</file>
         <name>memcpy.obj</name>
      </input_file>
      <input_file id="fl-5e">
         <path>C:\ti\ccsv6\tools\compiler\msp430_15.12.2.LTS\lib\</path>
         <kind>archive</kind>
         <file>rts430x_lc_rd_eabi.lib</file>
         <name>strlen.obj</name>
      </input_file>
   </input_file_list>
   <object_component_list>
      <object_component id="oc-7e1">
         <name>.cinit..data.load</name>
         <load_address>0x5b74</load_address>
         <run_address>0x5b74</run_address>
         <size>0xf</size>
      </object_component>
      <object_component id="oc-7e0">
         <name>.cinit..bss.load</name>
         <load_address>0x5b84</load_address>
         <run_address>0x5b84</run_address>
         <size>0x9</size>
      </object_component>
      <object_component id="oc-7de">
         <name>__TI_handler_table</name>
         <load_address>0x5b8e</load_address>
         <run_address>0x5b8e</run_address>
         <size>0x8</size>
      </object_component>
      <object_component id="oc-7df">
         <name>__TI_cinit_table</name>
         <load_address>0x5b96</load_address>
         <run_address>0x5b96</run_address>
         <size>0x10</size>
      </object_component>
      <object_component id="oc-3e3">
         <name>.init_array</name>
         <load_address>0x4bf6</load_address>
         <run_address>0x4bf6</run_address>
         <size>0x4</size>
         <input_file_ref idref="fl-6"/>
      </object_component>
      <object_component id="oc-6e6">
         <name>.const:.string:font</name>
         <load_address>0x4bfa</load_address>
         <run_address>0x4bfa</run_address>
         <size>0x4fb</size>
         <input_file_ref idref="fl-2"/>
      </object_component>
      <object_component id="oc-6f0">
         <name>.const:giant_font</name>
         <load_address>0x50f6</load_address>
         <run_address>0x50f6</run_address>
         <size>0x3c0</size>
         <input_file_ref idref="fl-2"/>
      </object_component>
      <object_component id="oc-6f4">
         <name>.const:big_font</name>
         <load_address>0x54b6</load_address>
         <run_address>0x54b6</run_address>
         <size>0x370</size>
         <input_file_ref idref="fl-2"/>
      </object_component>
      <object_component id="oc-4cc">
         <name>.const:.string</name>
         <load_address>0x5826</load_address>
         <run_address>0x5826</run_address>
         <size>0x21c</size>
         <input_file_ref idref="fl-6"/>
      </object_component>
      <object_component id="oc-6f9">
         <name>.const:atan_values</name>
         <load_address>0x5a42</load_address>
         <run_address>0x5a42</run_address>
         <size>0xb6</size>
         <input_file_ref idref="fl-6"/>
      </object_component>
      <object_component id="oc-6fd">
         <name>.const:.string:sin_values</name>
         <load_address>0x5af8</load_address>
         <run_address>0x5af8</run_address>
         <size>0x5b</size>
         <input_file_ref idref="fl-6"/>
      </object_component>
      <object_component id="oc-6ae">
         <name>.const:port_to_dir</name>
         <load_address>0x5b54</load_address>
         <run_address>0x5b54</run_address>
         <size>0x8</size>
         <input_file_ref idref="fl-3"/>
      </object_component>
      <object_component id="oc-6b4">
         <name>.const:port_to_input</name>
         <load_address>0x5b5c</load_address>
         <run_address>0x5b5c</run_address>
         <size>0x8</size>
         <input_file_ref idref="fl-3"/>
      </object_component>
      <object_component id="oc-6b7">
         <name>.const:port_to_output</name>
         <load_address>0x5b64</load_address>
         <run_address>0x5b64</run_address>
         <size>0x8</size>
         <input_file_ref idref="fl-3"/>
      </object_component>
      <object_component id="oc-6b1">
         <name>.const:port_to_ren</name>
         <load_address>0x5b6c</load_address>
         <run_address>0x5b6c</run_address>
         <size>0x8</size>
         <input_file_ref idref="fl-3"/>
      </object_component>
      <object_component id="oc-419">
         <name>.text:_isr:_Z11USCI_A0_ISRv</name>
         <load_address>0x4400</load_address>
         <run_address>0x4400</run_address>
         <size>0x46e</size>
         <input_file_ref idref="fl-6"/>
      </object_component>
      <object_component id="oc-40d">
         <name>.text:_isr:_Z10TIMER1_ISRv</name>
         <load_address>0x486e</load_address>
         <run_address>0x486e</run_address>
         <size>0x1f2</size>
         <input_file_ref idref="fl-6"/>
      </object_component>
      <object_component id="oc-407">
         <name>.text:_isr:_Z9PORT1_ISRv</name>
         <load_address>0x4a60</load_address>
         <run_address>0x4a60</run_address>
         <size>0x12c</size>
         <input_file_ref idref="fl-6"/>
      </object_component>
      <object_component id="oc-413">
         <name>.text:_isr:_Z10TIMER0_ISRv</name>
         <load_address>0x4b8c</load_address>
         <run_address>0x4b8c</run_address>
         <size>0x48</size>
         <input_file_ref idref="fl-6"/>
      </object_component>
      <object_component id="oc-b7">
         <name>.text:_isr:_c_int00_noargs_noexit</name>
         <load_address>0x4bd4</load_address>
         <run_address>0x4bd4</run_address>
         <size>0x1a</size>
         <input_file_ref idref="fl-54"/>
      </object_component>
      <object_component id="oc-402">
         <name>.text:_isr:__TI_ISR_TRAP</name>
         <load_address>0x4bee</load_address>
         <run_address>0x4bee</run_address>
         <size>0x8</size>
         <input_file_ref idref="fl-2a"/>
      </object_component>
      <object_component id="oc-4a5">
         <name>.text:_Z11show_screenv</name>
         <load_address>0x10000</load_address>
         <run_address>0x10000</run_address>
         <size>0x15d6</size>
         <input_file_ref idref="fl-6"/>
      </object_component>
      <object_component id="oc-51b">
         <name>.text:_Z9calibratev</name>
         <load_address>0x115d6</load_address>
         <run_address>0x115d6</run_address>
         <size>0x3ca</size>
         <input_file_ref idref="fl-6"/>
      </object_component>
      <object_component id="oc-5cc">
         <name>.text:_ZN16Adafruit_SSD13068writeBigEPc</name>
         <load_address>0x119a0</load_address>
         <run_address>0x119a0</run_address>
         <size>0x2ec</size>
         <input_file_ref idref="fl-2"/>
      </object_component>
      <object_component id="oc-5b1">
         <name>.text:_Z5spliti</name>
         <load_address>0x11c8c</load_address>
         <run_address>0x11c8c</run_address>
         <size>0x2d6</size>
         <input_file_ref idref="fl-6"/>
      </object_component>
      <object_component id="oc-515">
         <name>.text:_Z4initv</name>
         <load_address>0x11f62</load_address>
         <run_address>0x11f62</run_address>
         <size>0x286</size>
         <input_file_ref idref="fl-6"/>
      </object_component>
      <object_component id="oc-481">
         <name>.text:_ZN6MS580310readSensorEv</name>
         <load_address>0x121e8</load_address>
         <run_address>0x121e8</run_address>
         <size>0x20a</size>
         <input_file_ref idref="fl-4"/>
      </object_component>
      <object_component id="oc-61d">
         <name>.text:_ZN16Adafruit_SSD130612fillTriangleEiiiiiij</name>
         <load_address>0x123f2</load_address>
         <run_address>0x123f2</run_address>
         <size>0x1c4</size>
         <input_file_ref idref="fl-2"/>
      </object_component>
      <object_component id="oc-679">
         <name>.text:_ZN16Adafruit_SSD13065beginEhh</name>
         <load_address>0x125b6</load_address>
         <run_address>0x125b6</run_address>
         <size>0x166</size>
         <input_file_ref idref="fl-2"/>
      </object_component>
      <object_component id="oc-5e5">
         <name>.text:_ZN16Adafruit_SSD13068drawCharEiihjjh</name>
         <load_address>0x1271c</load_address>
         <run_address>0x1271c</run_address>
         <size>0x132</size>
         <input_file_ref idref="fl-2"/>
      </object_component>
      <object_component id="oc-55a">
         <name>.text:_ZN6MS580312ms5803CmdAdcEh</name>
         <load_address>0x1284e</load_address>
         <run_address>0x1284e</run_address>
         <size>0x124</size>
         <input_file_ref idref="fl-4"/>
      </object_component>
      <object_component id="oc-617">
         <name>.text:_ZN16Adafruit_SSD130610drawCircleEiiij</name>
         <load_address>0x12972</load_address>
         <run_address>0x12972</run_address>
         <size>0x10e</size>
         <input_file_ref idref="fl-2"/>
      </object_component>
      <object_component id="oc-687">
         <name>.text:_ZN6MS580314adjustAltitudeEl</name>
         <load_address>0x12a80</load_address>
         <run_address>0x12a80</run_address>
         <size>0xea</size>
         <input_file_ref idref="fl-4"/>
      </object_component>
      <object_component id="oc-6d8">
         <name>.text:_ZN16Adafruit_SSD13069drawPixelEiij</name>
         <load_address>0x12b6a</load_address>
         <run_address>0x12b6a</run_address>
         <size>0xca</size>
         <input_file_ref idref="fl-2"/>
      </object_component>
      <object_component id="oc-5eb">
         <name>.text:_ZN16Adafruit_SSD130613drawGiantCharEiihjj</name>
         <load_address>0x12c34</load_address>
         <run_address>0x12c34</run_address>
         <size>0xc2</size>
         <input_file_ref idref="fl-2"/>
      </object_component>
      <object_component id="oc-69a">
         <name>.text:_Z13compass_resetv</name>
         <load_address>0x12cf6</load_address>
         <run_address>0x12cf6</run_address>
         <size>0xb8</size>
         <input_file_ref idref="fl-6"/>
      </object_component>
      <object_component id="oc-5b7">
         <name>.text:_ZN16Adafruit_SSD13068drawLineEiiiij</name>
         <load_address>0x12dae</load_address>
         <run_address>0x12dae</run_address>
         <size>0xb8</size>
         <input_file_ref idref="fl-2"/>
      </object_component>
      <object_component id="oc-5f1">
         <name>.text:_ZN16Adafruit_SSD130611drawBigCharEiihjj</name>
         <load_address>0x12e66</load_address>
         <run_address>0x12e66</run_address>
         <size>0xb4</size>
         <input_file_ref idref="fl-2"/>
      </object_component>
      <object_component id="oc-5d2">
         <name>.text:_ZN16Adafruit_SSD13065writeEPc</name>
         <load_address>0x12f1a</load_address>
         <run_address>0x12f1a</run_address>
         <size>0xb4</size>
         <input_file_ref idref="fl-2"/>
      </object_component>
      <object_component id="oc-5df">
         <name>.text:_ZN16Adafruit_SSD130610writeGiantEPc</name>
         <load_address>0x12fce</load_address>
         <run_address>0x12fce</run_address>
         <size>0xac</size>
         <input_file_ref idref="fl-2"/>
      </object_component>
      <object_component id="oc-4c3">
         <name>.text:_Z11read_sensorv</name>
         <load_address>0x1307a</load_address>
         <run_address>0x1307a</run_address>
         <size>0x94</size>
         <input_file_ref idref="fl-6"/>
      </object_component>
      <object_component id="oc-493">
         <name>.text:_Z12check_buttonh</name>
         <load_address>0x1310e</load_address>
         <run_address>0x1310e</run_address>
         <size>0x82</size>
         <input_file_ref idref="fl-6"/>
      </object_component>
      <object_component id="oc-42c">
         <name>.text:_auto_init_hold_wdt</name>
         <load_address>0x13190</load_address>
         <run_address>0x13190</run_address>
         <size>0x82</size>
         <input_file_ref idref="fl-53"/>
      </object_component>
      <object_component id="oc-726">
         <name>.text:_ZN6MS580321ms5803ReadCoefficientEh</name>
         <load_address>0x13212</load_address>
         <run_address>0x13212</run_address>
         <size>0x78</size>
         <input_file_ref idref="fl-4"/>
      </object_component>
      <object_component id="oc-623">
         <name>.text:_ZN16Adafruit_SSD13067displayEv</name>
         <load_address>0x1328a</load_address>
         <run_address>0x1328a</run_address>
         <size>0x72</size>
         <input_file_ref idref="fl-2"/>
      </object_component>
      <object_component id="oc-72c">
         <name>.text:_ZN6MS580310ms5803CRC4EPj</name>
         <load_address>0x132fc</load_address>
         <run_address>0x132fc</run_address>
         <size>0x6e</size>
         <input_file_ref idref="fl-4"/>
      </object_component>
      <object_component id="oc-3f5">
         <name>.text:__TI_decompress_rle_core</name>
         <load_address>0x1336a</load_address>
         <run_address>0x1336a</run_address>
         <size>0x68</size>
         <input_file_ref idref="fl-28"/>
      </object_component>
      <object_component id="oc-52f">
         <name>.text:_ZN10FXOS8700CQC1Ehhh</name>
         <load_address>0x133d2</load_address>
         <run_address>0x133d2</run_address>
         <size>0x66</size>
         <input_file_ref idref="fl-3"/>
      </object_component>
      <object_component id="oc-4ee">
         <name>.text:copy_in</name>
         <load_address>0x13438</load_address>
         <run_address>0x13438</run_address>
         <size>0x66</size>
         <input_file_ref idref="fl-5c"/>
      </object_component>
      <object_component id="oc-636">
         <name>.text:_ZN10FXOS8700CQ8readRegsEhhPh</name>
         <load_address>0x1349e</load_address>
         <run_address>0x1349e</run_address>
         <size>0x64</size>
         <input_file_ref idref="fl-3"/>
      </object_component>
      <object_component id="oc-60a">
         <name>.text:_Z3sini</name>
         <load_address>0x13502</load_address>
         <run_address>0x13502</run_address>
         <size>0x60</size>
         <input_file_ref idref="fl-6"/>
      </object_component>
      <object_component id="oc-693">
         <name>.text:_ZN10FXOS8700CQ4initEv</name>
         <load_address>0x13562</load_address>
         <run_address>0x13562</run_address>
         <size>0x5e</size>
         <input_file_ref idref="fl-3"/>
      </object_component>
      <object_component id="oc-57c">
         <name>.text:__mpyll</name>
         <load_address>0x135c0</load_address>
         <run_address>0x135c0</run_address>
         <size>0x5c</size>
         <input_file_ref idref="fl-48"/>
      </object_component>
      <object_component id="oc-6c6">
         <name>.text</name>
         <load_address>0x1361c</load_address>
         <run_address>0x1361c</run_address>
         <size>0x58</size>
         <input_file_ref idref="fl-42"/>
      </object_component>
      <object_component id="oc-4bb">
         <name>.text:_ZN10FXOS8700CQ13readAccelDataEv</name>
         <load_address>0x13674</load_address>
         <run_address>0x13674</run_address>
         <size>0x56</size>
         <input_file_ref idref="fl-3"/>
      </object_component>
      <object_component id="oc-5f8">
         <name>.text:_ZN10FXOS8700CQ11readMagDataEv</name>
         <load_address>0x136ca</load_address>
         <run_address>0x136ca</run_address>
         <size>0x52</size>
         <input_file_ref idref="fl-3"/>
      </object_component>
      <object_component id="oc-590">
         <name>.text:_ZN10FXOS8700CQ7readRegEh</name>
         <load_address>0x1371c</load_address>
         <run_address>0x1371c</run_address>
         <size>0x50</size>
         <input_file_ref idref="fl-3"/>
      </object_component>
      <object_component id="oc-604">
         <name>.text:_Z4atanl</name>
         <load_address>0x1376c</load_address>
         <run_address>0x1376c</run_address>
         <size>0x4c</size>
         <input_file_ref idref="fl-6"/>
      </object_component>
      <object_component id="oc-68d">
         <name>.text:_ZN6MS580316initializeSensorEv</name>
         <load_address>0x137b8</load_address>
         <run_address>0x137b8</run_address>
         <size>0x40</size>
         <input_file_ref idref="fl-4"/>
      </object_component>
      <object_component id="oc-586">
         <name>.text</name>
         <load_address>0x137f8</load_address>
         <run_address>0x137f8</run_address>
         <size>0x40</size>
         <input_file_ref idref="fl-40"/>
      </object_component>
      <object_component id="oc-566">
         <name>.text:l_lsl_const</name>
         <load_address>0x13838</load_address>
         <run_address>0x13838</run_address>
         <size>0x3e</size>
         <input_file_ref idref="fl-4e"/>
      </object_component>
      <object_component id="oc-56b">
         <name>.text:__mspabi_sllll</name>
         <load_address>0x13876</load_address>
         <run_address>0x13876</run_address>
         <size>0x3a</size>
         <input_file_ref idref="fl-4f"/>
      </object_component>
      <object_component id="oc-576">
         <name>.text:__mspabi_srlll</name>
         <load_address>0x138b0</load_address>
         <run_address>0x138b0</run_address>
         <size>0x3a</size>
         <input_file_ref idref="fl-50"/>
      </object_component>
      <object_component id="oc-62c">
         <name>.text:_ZN16Adafruit_SSD130615ssd1306_commandEh</name>
         <load_address>0x138ea</load_address>
         <run_address>0x138ea</run_address>
         <size>0x38</size>
         <input_file_ref idref="fl-2"/>
      </object_component>
      <object_component id="oc-6e9">
         <name>.text:_ZN16Adafruit_SSD13068fillRectEiiiij</name>
         <load_address>0x13922</load_address>
         <run_address>0x13922</run_address>
         <size>0x38</size>
         <input_file_ref idref="fl-2"/>
      </object_component>
      <object_component id="oc-59a">
         <name>.text:_ZN10FXOS8700CQ8writeRegEhh</name>
         <load_address>0x1395a</load_address>
         <run_address>0x1395a</run_address>
         <size>0x36</size>
         <input_file_ref idref="fl-3"/>
      </object_component>
      <object_component id="oc-523">
         <name>.text:_ZN16Adafruit_SSD1306C1Eii</name>
         <load_address>0x13990</load_address>
         <run_address>0x13990</run_address>
         <size>0x36</size>
         <input_file_ref idref="fl-2"/>
      </object_component>
      <object_component id="oc-720">
         <name>.text:_ZN6MS580311resetSensorEv</name>
         <load_address>0x139c6</load_address>
         <run_address>0x139c6</run_address>
         <size>0x36</size>
         <input_file_ref idref="fl-4"/>
      </object_component>
      <object_component id="oc-610">
         <name>.text:_Z3cosi</name>
         <load_address>0x139fc</load_address>
         <run_address>0x139fc</run_address>
         <size>0x34</size>
         <input_file_ref idref="fl-6"/>
      </object_component>
      <object_component id="oc-4cd">
         <name>.text:_Z8sendDataPc</name>
         <load_address>0x13a30</load_address>
         <run_address>0x13a30</run_address>
         <size>0x34</size>
         <input_file_ref idref="fl-6"/>
      </object_component>
      <object_component id="oc-45a">
         <name>.text:__sti___8_main_cpp_display</name>
         <load_address>0x13a64</load_address>
         <run_address>0x13a64</run_address>
         <size>0x2e</size>
         <input_file_ref idref="fl-6"/>
      </object_component>
      <object_component id="oc-571">
         <name>.text:__mpysll</name>
         <load_address>0x13a92</load_address>
         <run_address>0x13a92</run_address>
         <size>0x2c</size>
         <input_file_ref idref="fl-4b"/>
      </object_component>
      <object_component id="oc-5ab">
         <name>.text</name>
         <load_address>0x13abe</load_address>
         <run_address>0x13abe</run_address>
         <size>0x2c</size>
         <input_file_ref idref="fl-3f"/>
      </object_component>
      <object_component id="oc-581">
         <name>.text</name>
         <load_address>0x13aea</load_address>
         <run_address>0x13aea</run_address>
         <size>0x24</size>
         <input_file_ref idref="fl-46"/>
      </object_component>
      <object_component id="oc-734">
         <name>.text:_ZN10FXOS8700CQ12reset_offsetEv</name>
         <load_address>0x13b0e</load_address>
         <run_address>0x13b0e</run_address>
         <size>0x20</size>
         <input_file_ref idref="fl-3"/>
      </object_component>
      <object_component id="oc-48c">
         <name>.text:_ZN10FXOS8700CQ6activeEv</name>
         <load_address>0x13b2e</load_address>
         <run_address>0x13b2e</run_address>
         <size>0x20</size>
         <input_file_ref idref="fl-3"/>
      </object_component>
      <object_component id="oc-4b5">
         <name>.text:_ZN10FXOS8700CQ7standbyEv</name>
         <load_address>0x13b4e</load_address>
         <run_address>0x13b4e</run_address>
         <size>0x20</size>
         <input_file_ref idref="fl-3"/>
      </object_component>
      <object_component id="oc-75d">
         <name>.text:_ZN16Adafruit_SSD130613drawFastVLineEiiij</name>
         <load_address>0x13b6e</load_address>
         <run_address>0x13b6e</run_address>
         <size>0x20</size>
         <input_file_ref idref="fl-2"/>
      </object_component>
      <object_component id="oc-446">
         <name>.text:main</name>
         <load_address>0x13b8e</load_address>
         <run_address>0x13b8e</run_address>
         <size>0x20</size>
         <input_file_ref idref="fl-6"/>
      </object_component>
      <object_component id="oc-703">
         <name>.text:_ZN16Adafruit_SSD130613drawFastHLineEiiij</name>
         <load_address>0x13bae</load_address>
         <run_address>0x13bae</run_address>
         <size>0x1e</size>
         <input_file_ref idref="fl-2"/>
      </object_component>
      <object_component id="oc-4af">
         <name>.text:_ZN16Adafruit_SSD13065sleepEh</name>
         <load_address>0x13bcc</load_address>
         <run_address>0x13bcc</run_address>
         <size>0x18</size>
         <input_file_ref idref="fl-2"/>
      </object_component>
      <object_component id="oc-4db">
         <name>.text</name>
         <load_address>0x13be4</load_address>
         <run_address>0x13be4</run_address>
         <size>0x18</size>
         <input_file_ref idref="fl-44"/>
      </object_component>
      <object_component id="oc-5a4">
         <name>.text:_ZN16Adafruit_SSD130612clearDisplayEv</name>
         <load_address>0x13bfc</load_address>
         <run_address>0x13bfc</run_address>
         <size>0x16</size>
         <input_file_ref idref="fl-2"/>
      </object_component>
      <object_component id="oc-4d3">
         <name>.text</name>
         <load_address>0x13c12</load_address>
         <run_address>0x13c12</run_address>
         <size>0x16</size>
         <input_file_ref idref="fl-41"/>
      </object_component>
      <object_component id="oc-3e8">
         <name>.text:memcpy</name>
         <load_address>0x13c28</load_address>
         <run_address>0x13c28</run_address>
         <size>0x14</size>
         <input_file_ref idref="fl-5d"/>
      </object_component>
      <object_component id="oc-75">
         <name>.text:decompress:none:__TI_decompress_none</name>
         <load_address>0x13c3c</load_address>
         <run_address>0x13c3c</run_address>
         <size>0x12</size>
         <input_file_ref idref="fl-27"/>
      </object_component>
      <object_component id="oc-63e">
         <name>.text:strlen</name>
         <load_address>0x13c4e</load_address>
         <run_address>0x13c4e</run_address>
         <size>0xe</size>
         <input_file_ref idref="fl-5e"/>
      </object_component>
      <object_component id="oc-5bd">
         <name>.text:_ZN16Adafruit_SSD130611setTextSizeEh</name>
         <load_address>0x13c5c</load_address>
         <run_address>0x13c5c</run_address>
         <size>0xc</size>
         <input_file_ref idref="fl-2"/>
      </object_component>
      <object_component id="oc-67f">
         <name>.text:_ZN16Adafruit_SSD130612setTextColorEj</name>
         <load_address>0x13c68</load_address>
         <run_address>0x13c68</run_address>
         <size>0xc</size>
         <input_file_ref idref="fl-2"/>
      </object_component>
      <object_component id="oc-5c3">
         <name>.text:_ZN16Adafruit_SSD13069setCursorEii</name>
         <load_address>0x13c74</load_address>
         <run_address>0x13c74</run_address>
         <size>0xa</size>
         <input_file_ref idref="fl-2"/>
      </object_component>
      <object_component id="oc-529">
         <name>.text:_ZN6MS5803C1Ev</name>
         <load_address>0x13c7e</load_address>
         <run_address>0x13c7e</run_address>
         <size>0xa</size>
         <input_file_ref idref="fl-4"/>
      </object_component>
      <object_component id="oc-6a0">
         <name>.text:abs</name>
         <load_address>0x13c88</load_address>
         <run_address>0x13c88</run_address>
         <size>0xa</size>
         <input_file_ref idref="fl-5b"/>
      </object_component>
      <object_component id="oc-6a9">
         <name>.text</name>
         <load_address>0x13c92</load_address>
         <run_address>0x13c92</run_address>
         <size>0xa</size>
         <input_file_ref idref="fl-4d"/>
      </object_component>
      <object_component id="oc-754">
         <name>.text:_ZN16Adafruit_SSD130611getRotationEv</name>
         <load_address>0x13c9c</load_address>
         <run_address>0x13c9c</run_address>
         <size>0x6</size>
         <input_file_ref idref="fl-2"/>
      </object_component>
      <object_component id="oc-748">
         <name>.text:_ZN16Adafruit_SSD13065widthEv</name>
         <load_address>0x13ca2</load_address>
         <run_address>0x13ca2</run_address>
         <size>0x6</size>
         <input_file_ref idref="fl-2"/>
      </object_component>
      <object_component id="oc-74e">
         <name>.text:_ZN16Adafruit_SSD13066heightEv</name>
         <load_address>0x13ca8</load_address>
         <run_address>0x13ca8</run_address>
         <size>0x6</size>
         <input_file_ref idref="fl-2"/>
      </object_component>
      <object_component id="oc-44e">
         <name>.text:abort</name>
         <load_address>0x13cae</load_address>
         <run_address>0x13cae</run_address>
         <size>0x6</size>
         <input_file_ref idref="fl-58"/>
      </object_component>
      <object_component id="oc-7b">
         <name>.text:decompress:rle24:__TI_decompress_rle24</name>
         <load_address>0x13cb4</load_address>
         <run_address>0x13cb4</run_address>
         <size>0x6</size>
         <input_file_ref idref="fl-28"/>
      </object_component>
      <object_component id="oc-426">
         <name>.text:_system_pre_init</name>
         <load_address>0x13cba</load_address>
         <run_address>0x13cba</run_address>
         <size>0x4</size>
         <input_file_ref idref="fl-57"/>
      </object_component>
      <object_component id="oc-4f4">
         <name>.text:_system_post_cinit</name>
         <load_address>0x13cbe</load_address>
         <run_address>0x13cbe</run_address>
         <size>0x2</size>
         <input_file_ref idref="fl-56"/>
      </object_component>
      <object_component id="oc-563">
         <name>.bss:sensorCoefficients</name>
         <uninitialized>true</uninitialized>
         <run_address>0x1c58</run_address>
         <size>0x10</size>
         <input_file_ref idref="fl-4"/>
      </object_component>
      <object_component id="oc-4ac">
         <name>.bss:display</name>
         <uninitialized>true</uninitialized>
         <run_address>0x1c38</run_address>
         <size>0x10</size>
         <input_file_ref idref="fl-6"/>
      </object_component>
      <object_component id="oc-47e">
         <name>.bss:sensor</name>
         <uninitialized>true</uninitialized>
         <run_address>0x1c48</run_address>
         <size>0x10</size>
         <input_file_ref idref="fl-6"/>
      </object_component>
      <object_component id="oc-489">
         <name>.bss:compass</name>
         <uninitialized>true</uninitialized>
         <run_address>0x1c00</run_address>
         <size>0x24</size>
         <input_file_ref idref="fl-6"/>
      </object_component>
      <object_component id="oc-596">
         <name>.common:c</name>
         <uninitialized>true</uninitialized>
         <run_address>0x1c9d</run_address>
         <size>0x1</size>
      </object_component>
      <object_component id="oc-5d8">
         <name>.common:i</name>
         <uninitialized>true</uninitialized>
         <run_address>0x1c7c</run_address>
         <size>0x2</size>
      </object_component>
      <object_component id="oc-487">
         <name>.common:temperature</name>
         <uninitialized>true</uninitialized>
         <run_address>0x1c8e</run_address>
         <size>0x2</size>
      </object_component>
      <object_component id="oc-488">
         <name>.common:pressure</name>
         <uninitialized>true</uninitialized>
         <run_address>0x1c86</run_address>
         <size>0x2</size>
      </object_component>
      <object_component id="oc-5d9">
         <name>.common:temp_min</name>
         <uninitialized>true</uninitialized>
         <run_address>0x1c8c</run_address>
         <size>0x2</size>
      </object_component>
      <object_component id="oc-5da">
         <name>.common:temp_max</name>
         <uninitialized>true</uninitialized>
         <run_address>0x1c8a</run_address>
         <size>0x2</size>
      </object_component>
      <object_component id="oc-5db">
         <name>.common:pres_min</name>
         <uninitialized>true</uninitialized>
         <run_address>0x1c84</run_address>
         <size>0x2</size>
      </object_component>
      <object_component id="oc-5dc">
         <name>.common:pres_max</name>
         <uninitialized>true</uninitialized>
         <run_address>0x1c82</run_address>
         <size>0x2</size>
      </object_component>
      <object_component id="oc-5f7">
         <name>.common:altitude</name>
         <uninitialized>true</uninitialized>
         <run_address>0x1c6c</run_address>
         <size>0x4</size>
      </object_component>
      <object_component id="oc-5b0">
         <name>.common:temp</name>
         <uninitialized>true</uninitialized>
         <run_address>0x1c88</run_address>
         <size>0x2</size>
      </object_component>
      <object_component id="oc-5aa">
         <name>.common:pres</name>
         <uninitialized>true</uninitialized>
         <run_address>0x1c80</run_address>
         <size>0x2</size>
      </object_component>
      <object_component id="oc-49e">
         <name>.common:units</name>
         <uninitialized>true</uninitialized>
         <run_address>0x1ca4</run_address>
         <size>0x1</size>
      </object_component>
      <object_component id="oc-47d">
         <name>.common:screen</name>
         <uninitialized>true</uninitialized>
         <run_address>0x1ca2</run_address>
         <size>0x1</size>
      </object_component>
      <object_component id="oc-686">
         <name>.common:ref_pressure</name>
         <uninitialized>true</uninitialized>
         <run_address>0x1c70</run_address>
         <size>0x4</size>
      </object_component>
      <object_component id="oc-5dd">
         <name>.common:voltage</name>
         <uninitialized>true</uninitialized>
         <run_address>0x1c94</run_address>
         <size>0x2</size>
      </object_component>
      <object_component id="oc-4ab">
         <name>.common:measured</name>
         <uninitialized>true</uninitialized>
         <run_address>0x1ca1</run_address>
         <size>0x1</size>
      </object_component>
      <object_component id="oc-5de">
         <name>.common:line_lenght</name>
         <uninitialized>true</uninitialized>
         <run_address>0x1c7e</run_address>
         <size>0x2</size>
      </object_component>
      <object_component id="oc-616">
         <name>.common:direction</name>
         <uninitialized>true</uninitialized>
         <run_address>0x1c7a</run_address>
         <size>0x2</size>
      </object_component>
      <object_component id="oc-492">
         <name>.common:calibration</name>
         <uninitialized>true</uninitialized>
         <run_address>0x1c9f</run_address>
         <size>0x1</size>
      </object_component>
      <object_component id="oc-4c1">
         <name>.common:cal_pause</name>
         <uninitialized>true</uninitialized>
         <run_address>0x1c9e</run_address>
         <size>0x1</size>
      </object_component>
      <object_component id="oc-49d">
         <name>.common:skip</name>
         <uninitialized>true</uninitialized>
         <run_address>0x1ca3</run_address>
         <size>0x1</size>
      </object_component>
      <object_component id="oc-479">
         <name>.common:tick</name>
         <uninitialized>true</uninitialized>
         <run_address>0x1c90</run_address>
         <size>0x2</size>
      </object_component>
      <object_component id="oc-5fe">
         <name>.common:x</name>
         <uninitialized>true</uninitialized>
         <run_address>0x1c96</run_address>
         <size>0x2</size>
      </object_component>
      <object_component id="oc-5ff">
         <name>.common:y</name>
         <uninitialized>true</uninitialized>
         <run_address>0x1c98</run_address>
         <size>0x2</size>
      </object_component>
      <object_component id="oc-600">
         <name>.common:z</name>
         <uninitialized>true</uninitialized>
         <run_address>0x1c9a</run_address>
         <size>0x2</size>
      </object_component>
      <object_component id="oc-601">
         <name>.common:ax</name>
         <uninitialized>true</uninitialized>
         <run_address>0x1c74</run_address>
         <size>0x2</size>
      </object_component>
      <object_component id="oc-602">
         <name>.common:ay</name>
         <uninitialized>true</uninitialized>
         <run_address>0x1c76</run_address>
         <size>0x2</size>
      </object_component>
      <object_component id="oc-603">
         <name>.common:az</name>
         <uninitialized>true</uninitialized>
         <run_address>0x1c78</run_address>
         <size>0x2</size>
      </object_component>
      <object_component id="oc-685">
         <name>.common:FRAM_write_ptr</name>
         <uninitialized>true</uninitialized>
         <run_address>0x1c68</run_address>
         <size>0x4</size>
      </object_component>
      <object_component id="oc-4ca">
         <name>.common:bytes_received</name>
         <uninitialized>true</uninitialized>
         <run_address>0x1c9c</run_address>
         <size>0x1</size>
      </object_component>
      <object_component id="oc-4cb">
         <name>.common:rx_buffer</name>
         <uninitialized>true</uninitialized>
         <run_address>0x1c24</run_address>
         <size>0x14</size>
      </object_component>
      <object_component id="oc-4e3">
         <name>.common:values_transmitted</name>
         <uninitialized>true</uninitialized>
         <run_address>0x1c92</run_address>
         <size>0x2</size>
      </object_component>
      <object_component id="oc-499">
         <name>.common:clock_mode</name>
         <uninitialized>true</uninitialized>
         <run_address>0x1ca0</run_address>
         <size>0x1</size>
      </object_component>
      <object_component id="oc-560">
         <name>.data</name>
         <load_address>0x1ca6</load_address>
         <run_address>0x1ca6</run_address>
         <size>0x1c</size>
         <input_file_ref idref="fl-4"/>
      </object_component>
      <object_component id="oc-5c9">
         <name>.data:str</name>
         <load_address>0x1cc2</load_address>
         <run_address>0x1cc2</run_address>
         <size>0x7</size>
         <input_file_ref idref="fl-6"/>
      </object_component>
      <object_component id="oc-4d8">
         <name>.data:strtosend</name>
         <load_address>0x1cca</load_address>
         <run_address>0x1cca</run_address>
         <size>0x6</size>
         <input_file_ref idref="fl-6"/>
      </object_component>
      <object_component id="oc-3e4">
         <name>.stack</name>
         <uninitialized>true</uninitialized>
         <run_address>0x2360</run_address>
         <size>0x4</size>
         <input_file_ref idref="fl-51"/>
      </object_component>
      <object_component id="oc-7e2">
         <name>.stack</name>
         <uninitialized>true</uninitialized>
         <run_address>0x2360</run_address>
         <size>0x0</size>
      </object_component>
      <object_component id="oc-49a">
         <name>.infoC</name>
         <uninitialized>true</uninitialized>
         <run_address>0x1880</run_address>
         <size>0xe</size>
         <input_file_ref idref="fl-6"/>
      </object_component>
      <object_component id="oc-81">
         <name>.int31</name>
         <load_address>0xffce</load_address>
         <run_address>0xffce</run_address>
         <size>0x2</size>
         <input_file_ref idref="fl-29"/>
      </object_component>
      <object_component id="oc-82">
         <name>.int32</name>
         <load_address>0xffd0</load_address>
         <run_address>0xffd0</run_address>
         <size>0x2</size>
         <input_file_ref idref="fl-2b"/>
      </object_component>
      <object_component id="oc-83">
         <name>.int33</name>
         <load_address>0xffd2</load_address>
         <run_address>0xffd2</run_address>
         <size>0x2</size>
         <input_file_ref idref="fl-2c"/>
      </object_component>
      <object_component id="oc-84">
         <name>.int34</name>
         <load_address>0xffd4</load_address>
         <run_address>0xffd4</run_address>
         <size>0x2</size>
         <input_file_ref idref="fl-2d"/>
      </object_component>
      <object_component id="oc-85">
         <name>.int35</name>
         <load_address>0xffd6</load_address>
         <run_address>0xffd6</run_address>
         <size>0x2</size>
         <input_file_ref idref="fl-2e"/>
      </object_component>
      <object_component id="oc-86">
         <name>.int36</name>
         <load_address>0xffd8</load_address>
         <run_address>0xffd8</run_address>
         <size>0x2</size>
         <input_file_ref idref="fl-2f"/>
      </object_component>
      <object_component id="oc-87">
         <name>.int37</name>
         <load_address>0xffda</load_address>
         <run_address>0xffda</run_address>
         <size>0x2</size>
         <input_file_ref idref="fl-30"/>
      </object_component>
      <object_component id="oc-88">
         <name>.int38</name>
         <load_address>0xffdc</load_address>
         <run_address>0xffdc</run_address>
         <size>0x2</size>
         <input_file_ref idref="fl-31"/>
      </object_component>
      <object_component id="oc-89">
         <name>.int39</name>
         <load_address>0xffde</load_address>
         <run_address>0xffde</run_address>
         <size>0x2</size>
         <input_file_ref idref="fl-6"/>
      </object_component>
      <object_component id="oc-8a">
         <name>.int40</name>
         <load_address>0xffe0</load_address>
         <run_address>0xffe0</run_address>
         <size>0x2</size>
         <input_file_ref idref="fl-6"/>
      </object_component>
      <object_component id="oc-8b">
         <name>.int41</name>
         <load_address>0xffe2</load_address>
         <run_address>0xffe2</run_address>
         <size>0x2</size>
         <input_file_ref idref="fl-32"/>
      </object_component>
      <object_component id="oc-8c">
         <name>.int42</name>
         <load_address>0xffe4</load_address>
         <run_address>0xffe4</run_address>
         <size>0x2</size>
         <input_file_ref idref="fl-33"/>
      </object_component>
      <object_component id="oc-8d">
         <name>.int43</name>
         <load_address>0xffe6</load_address>
         <run_address>0xffe6</run_address>
         <size>0x2</size>
         <input_file_ref idref="fl-34"/>
      </object_component>
      <object_component id="oc-8e">
         <name>.int44</name>
         <load_address>0xffe8</load_address>
         <run_address>0xffe8</run_address>
         <size>0x2</size>
         <input_file_ref idref="fl-6"/>
      </object_component>
      <object_component id="oc-8f">
         <name>.int45</name>
         <load_address>0xffea</load_address>
         <run_address>0xffea</run_address>
         <size>0x2</size>
         <input_file_ref idref="fl-35"/>
      </object_component>
      <object_component id="oc-90">
         <name>.int46</name>
         <load_address>0xffec</load_address>
         <run_address>0xffec</run_address>
         <size>0x2</size>
         <input_file_ref idref="fl-36"/>
      </object_component>
      <object_component id="oc-91">
         <name>.int47</name>
         <load_address>0xffee</load_address>
         <run_address>0xffee</run_address>
         <size>0x2</size>
         <input_file_ref idref="fl-37"/>
      </object_component>
      <object_component id="oc-92">
         <name>.int48</name>
         <load_address>0xfff0</load_address>
         <run_address>0xfff0</run_address>
         <size>0x2</size>
         <input_file_ref idref="fl-6"/>
      </object_component>
      <object_component id="oc-93">
         <name>.int49</name>
         <load_address>0xfff2</load_address>
         <run_address>0xfff2</run_address>
         <size>0x2</size>
         <input_file_ref idref="fl-38"/>
      </object_component>
      <object_component id="oc-94">
         <name>.int50</name>
         <load_address>0xfff4</load_address>
         <run_address>0xfff4</run_address>
         <size>0x2</size>
         <input_file_ref idref="fl-39"/>
      </object_component>
      <object_component id="oc-95">
         <name>.int51</name>
         <load_address>0xfff6</load_address>
         <run_address>0xfff6</run_address>
         <size>0x2</size>
         <input_file_ref idref="fl-3a"/>
      </object_component>
      <object_component id="oc-96">
         <name>.int52</name>
         <load_address>0xfff8</load_address>
         <run_address>0xfff8</run_address>
         <size>0x2</size>
         <input_file_ref idref="fl-3b"/>
      </object_component>
      <object_component id="oc-97">
         <name>.int53</name>
         <load_address>0xfffa</load_address>
         <run_address>0xfffa</run_address>
         <size>0x2</size>
         <input_file_ref idref="fl-3c"/>
      </object_component>
      <object_component id="oc-98">
         <name>.int54</name>
         <load_address>0xfffc</load_address>
         <run_address>0xfffc</run_address>
         <size>0x2</size>
         <input_file_ref idref="fl-3d"/>
      </object_component>
      <object_component id="oc-3e7">
         <name>.reset</name>
         <load_address>0xfffe</load_address>
         <run_address>0xfffe</run_address>
         <size>0x2</size>
         <input_file_ref idref="fl-51"/>
      </object_component>
      <object_component id="oc-4e7">
         <name>.fram_pressure</name>
         <uninitialized>true</uninitialized>
         <run_address>0xe500</run_address>
         <size>0xb40</size>
         <input_file_ref idref="fl-6"/>
      </object_component>
      <object_component id="oc-4e4">
         <name>.fram_temperature</name>
         <uninitialized>true</uninitialized>
         <run_address>0xf040</run_address>
         <size>0xb40</size>
         <input_file_ref idref="fl-6"/>
      </object_component>
      <object_component id="oc-6d2">
         <name>.fram_display</name>
         <uninitialized>true</uninitialized>
         <run_address>0xfb80</run_address>
         <size>0x400</size>
         <input_file_ref idref="fl-2"/>
      </object_component>
      <object_component id="oc-4e0">
         <name>.fram_vars</name>
         <uninitialized>true</uninitialized>
         <run_address>0xe400</run_address>
         <size>0x2</size>
         <input_file_ref idref="fl-6"/>
      </object_component>
      <object_component id="oc-633">
         <name>.debug_info</name>
         <load_address>0x0</load_address>
         <run_address>0x0</run_address>
         <size>0x58b</size>
         <input_file_ref idref="fl-2"/>
      </object_component>
      <object_component id="oc-6e7">
         <name>.debug_info</name>
         <load_address>0x58b</load_address>
         <run_address>0x58b</run_address>
         <size>0xc9</size>
         <input_file_ref idref="fl-2"/>
      </object_component>
      <object_component id="oc-6f5">
         <name>.debug_info</name>
         <load_address>0x654</load_address>
         <run_address>0x654</run_address>
         <size>0xd2</size>
         <input_file_ref idref="fl-2"/>
      </object_component>
      <object_component id="oc-6f1">
         <name>.debug_info</name>
         <load_address>0x726</load_address>
         <run_address>0x726</run_address>
         <size>0xd6</size>
         <input_file_ref idref="fl-2"/>
      </object_component>
      <object_component id="oc-6d3">
         <name>.debug_info</name>
         <load_address>0x7fc</load_address>
         <run_address>0x7fc</run_address>
         <size>0xce</size>
         <input_file_ref idref="fl-2"/>
      </object_component>
      <object_component id="oc-524">
         <name>.debug_info</name>
         <load_address>0x8ca</load_address>
         <run_address>0x8ca</run_address>
         <size>0x183</size>
         <input_file_ref idref="fl-2"/>
      </object_component>
      <object_component id="oc-67a">
         <name>.debug_info</name>
         <load_address>0xa4d</load_address>
         <run_address>0xa4d</run_address>
         <size>0x68e</size>
         <input_file_ref idref="fl-2"/>
      </object_component>
      <object_component id="oc-62d">
         <name>.debug_info</name>
         <load_address>0x10db</load_address>
         <run_address>0x10db</run_address>
         <size>0x191</size>
         <input_file_ref idref="fl-2"/>
      </object_component>
      <object_component id="oc-5a5">
         <name>.debug_info</name>
         <load_address>0x126c</load_address>
         <run_address>0x126c</run_address>
         <size>0x16a</size>
         <input_file_ref idref="fl-2"/>
      </object_component>
      <object_component id="oc-4b0">
         <name>.debug_info</name>
         <load_address>0x13d6</load_address>
         <run_address>0x13d6</run_address>
         <size>0x1b2</size>
         <input_file_ref idref="fl-2"/>
      </object_component>
      <object_component id="oc-624">
         <name>.debug_info</name>
         <load_address>0x1588</load_address>
         <run_address>0x1588</run_address>
         <size>0x208</size>
         <input_file_ref idref="fl-2"/>
      </object_component>
      <object_component id="oc-749">
         <name>.debug_info</name>
         <load_address>0x1790</load_address>
         <run_address>0x1790</run_address>
         <size>0x14f</size>
         <input_file_ref idref="fl-2"/>
      </object_component>
      <object_component id="oc-74f">
         <name>.debug_info</name>
         <load_address>0x18df</load_address>
         <run_address>0x18df</run_address>
         <size>0x151</size>
         <input_file_ref idref="fl-2"/>
      </object_component>
      <object_component id="oc-755">
         <name>.debug_info</name>
         <load_address>0x1a30</load_address>
         <run_address>0x1a30</run_address>
         <size>0x15c</size>
         <input_file_ref idref="fl-2"/>
      </object_component>
      <object_component id="oc-5c4">
         <name>.debug_info</name>
         <load_address>0x1b8c</load_address>
         <run_address>0x1b8c</run_address>
         <size>0x184</size>
         <input_file_ref idref="fl-2"/>
      </object_component>
      <object_component id="oc-680">
         <name>.debug_info</name>
         <load_address>0x1d10</load_address>
         <run_address>0x1d10</run_address>
         <size>0x174</size>
         <input_file_ref idref="fl-2"/>
      </object_component>
      <object_component id="oc-5be">
         <name>.debug_info</name>
         <load_address>0x1e84</load_address>
         <run_address>0x1e84</run_address>
         <size>0x172</size>
         <input_file_ref idref="fl-2"/>
      </object_component>
      <object_component id="oc-6d9">
         <name>.debug_info</name>
         <load_address>0x1ff6</load_address>
         <run_address>0x1ff6</run_address>
         <size>0x285</size>
         <input_file_ref idref="fl-2"/>
      </object_component>
      <object_component id="oc-5b8">
         <name>.debug_info</name>
         <load_address>0x227b</load_address>
         <run_address>0x227b</run_address>
         <size>0x2ee</size>
         <input_file_ref idref="fl-2"/>
      </object_component>
      <object_component id="oc-6ea">
         <name>.debug_info</name>
         <load_address>0x2569</load_address>
         <run_address>0x2569</run_address>
         <size>0x217</size>
         <input_file_ref idref="fl-2"/>
      </object_component>
      <object_component id="oc-75e">
         <name>.debug_info</name>
         <load_address>0x2780</load_address>
         <run_address>0x2780</run_address>
         <size>0x1de</size>
         <input_file_ref idref="fl-2"/>
      </object_component>
      <object_component id="oc-704">
         <name>.debug_info</name>
         <load_address>0x295e</load_address>
         <run_address>0x295e</run_address>
         <size>0x1de</size>
         <input_file_ref idref="fl-2"/>
      </object_component>
      <object_component id="oc-5d3">
         <name>.debug_info</name>
         <load_address>0x2b3c</load_address>
         <run_address>0x2b3c</run_address>
         <size>0x1d5</size>
         <input_file_ref idref="fl-2"/>
      </object_component>
      <object_component id="oc-5cd">
         <name>.debug_info</name>
         <load_address>0x2d11</load_address>
         <run_address>0x2d11</run_address>
         <size>0x1c9</size>
         <input_file_ref idref="fl-2"/>
      </object_component>
      <object_component id="oc-5e0">
         <name>.debug_info</name>
         <load_address>0x2eda</load_address>
         <run_address>0x2eda</run_address>
         <size>0x1d0</size>
         <input_file_ref idref="fl-2"/>
      </object_component>
      <object_component id="oc-5e6">
         <name>.debug_info</name>
         <load_address>0x30aa</load_address>
         <run_address>0x30aa</run_address>
         <size>0x33c</size>
         <input_file_ref idref="fl-2"/>
      </object_component>
      <object_component id="oc-5f2">
         <name>.debug_info</name>
         <load_address>0x33e6</load_address>
         <run_address>0x33e6</run_address>
         <size>0x278</size>
         <input_file_ref idref="fl-2"/>
      </object_component>
      <object_component id="oc-5ec">
         <name>.debug_info</name>
         <load_address>0x365e</load_address>
         <run_address>0x365e</run_address>
         <size>0x282</size>
         <input_file_ref idref="fl-2"/>
      </object_component>
      <object_component id="oc-618">
         <name>.debug_info</name>
         <load_address>0x38e0</load_address>
         <run_address>0x38e0</run_address>
         <size>0x412</size>
         <input_file_ref idref="fl-2"/>
      </object_component>
      <object_component id="oc-61e">
         <name>.debug_info</name>
         <load_address>0x3cf2</load_address>
         <run_address>0x3cf2</run_address>
         <size>0x44b</size>
         <input_file_ref idref="fl-2"/>
      </object_component>
      <object_component id="oc-53a">
         <name>.debug_info</name>
         <load_address>0x413d</load_address>
         <run_address>0x413d</run_address>
         <size>0x6a1</size>
         <input_file_ref idref="fl-2"/>
      </object_component>
      <object_component id="oc-462">
         <name>.debug_info</name>
         <load_address>0x47de</load_address>
         <run_address>0x47de</run_address>
         <size>0x84</size>
         <input_file_ref idref="fl-2"/>
      </object_component>
      <object_component id="oc-54e">
         <name>.debug_info</name>
         <load_address>0x4862</load_address>
         <run_address>0x4862</run_address>
         <size>0x15a</size>
         <input_file_ref idref="fl-2"/>
      </object_component>
      <object_component id="oc-4a0">
         <name>.debug_info</name>
         <load_address>0x49bc</load_address>
         <run_address>0x49bc</run_address>
         <size>0x18b</size>
         <input_file_ref idref="fl-2"/>
      </object_component>
      <object_component id="oc-597">
         <name>.debug_info</name>
         <load_address>0x4b47</load_address>
         <run_address>0x4b47</run_address>
         <size>0x505</size>
         <input_file_ref idref="fl-3"/>
      </object_component>
      <object_component id="oc-6af">
         <name>.debug_info</name>
         <load_address>0x504c</load_address>
         <run_address>0x504c</run_address>
         <size>0xd1</size>
         <input_file_ref idref="fl-3"/>
      </object_component>
      <object_component id="oc-6b2">
         <name>.debug_info</name>
         <load_address>0x511d</load_address>
         <run_address>0x511d</run_address>
         <size>0xd1</size>
         <input_file_ref idref="fl-3"/>
      </object_component>
      <object_component id="oc-6b5">
         <name>.debug_info</name>
         <load_address>0x51ee</load_address>
         <run_address>0x51ee</run_address>
         <size>0xd5</size>
         <input_file_ref idref="fl-3"/>
      </object_component>
      <object_component id="oc-6b8">
         <name>.debug_info</name>
         <load_address>0x52c3</load_address>
         <run_address>0x52c3</run_address>
         <size>0xd7</size>
         <input_file_ref idref="fl-3"/>
      </object_component>
      <object_component id="oc-530">
         <name>.debug_info</name>
         <load_address>0x539a</load_address>
         <run_address>0x539a</run_address>
         <size>0x1c8</size>
         <input_file_ref idref="fl-3"/>
      </object_component>
      <object_component id="oc-59b">
         <name>.debug_info</name>
         <load_address>0x5562</load_address>
         <run_address>0x5562</run_address>
         <size>0x182</size>
         <input_file_ref idref="fl-3"/>
      </object_component>
      <object_component id="oc-591">
         <name>.debug_info</name>
         <load_address>0x56e4</load_address>
         <run_address>0x56e4</run_address>
         <size>0x16c</size>
         <input_file_ref idref="fl-3"/>
      </object_component>
      <object_component id="oc-637">
         <name>.debug_info</name>
         <load_address>0x5850</load_address>
         <run_address>0x5850</run_address>
         <size>0x1b1</size>
         <input_file_ref idref="fl-3"/>
      </object_component>
      <object_component id="oc-694">
         <name>.debug_info</name>
         <load_address>0x5a01</load_address>
         <run_address>0x5a01</run_address>
         <size>0x21c</size>
         <input_file_ref idref="fl-3"/>
      </object_component>
      <object_component id="oc-4b6">
         <name>.debug_info</name>
         <load_address>0x5c1d</load_address>
         <run_address>0x5c1d</run_address>
         <size>0x17d</size>
         <input_file_ref idref="fl-3"/>
      </object_component>
      <object_component id="oc-48d">
         <name>.debug_info</name>
         <load_address>0x5d9a</load_address>
         <run_address>0x5d9a</run_address>
         <size>0x17b</size>
         <input_file_ref idref="fl-3"/>
      </object_component>
      <object_component id="oc-735">
         <name>.debug_info</name>
         <load_address>0x5f15</load_address>
         <run_address>0x5f15</run_address>
         <size>0x188</size>
         <input_file_ref idref="fl-3"/>
      </object_component>
      <object_component id="oc-4bc">
         <name>.debug_info</name>
         <load_address>0x609d</load_address>
         <run_address>0x609d</run_address>
         <size>0x184</size>
         <input_file_ref idref="fl-3"/>
      </object_component>
      <object_component id="oc-5f9">
         <name>.debug_info</name>
         <load_address>0x6221</load_address>
         <run_address>0x6221</run_address>
         <size>0x180</size>
         <input_file_ref idref="fl-3"/>
      </object_component>
      <object_component id="oc-544">
         <name>.debug_info</name>
         <load_address>0x63a1</load_address>
         <run_address>0x63a1</run_address>
         <size>0x43a</size>
         <input_file_ref idref="fl-3"/>
      </object_component>
      <object_component id="oc-553">
         <name>.debug_info</name>
         <load_address>0x67db</load_address>
         <run_address>0x67db</run_address>
         <size>0x7b</size>
         <input_file_ref idref="fl-3"/>
      </object_component>
      <object_component id="oc-58c">
         <name>.debug_info</name>
         <load_address>0x6856</load_address>
         <run_address>0x6856</run_address>
         <size>0x2b8</size>
         <input_file_ref idref="fl-4"/>
      </object_component>
      <object_component id="oc-564">
         <name>.debug_info</name>
         <load_address>0x6b0e</load_address>
         <run_address>0x6b0e</run_address>
         <size>0xdb</size>
         <input_file_ref idref="fl-4"/>
      </object_component>
      <object_component id="oc-561">
         <name>.debug_info</name>
         <load_address>0x6be9</load_address>
         <run_address>0x6be9</run_address>
         <size>0x13f</size>
         <input_file_ref idref="fl-4"/>
      </object_component>
      <object_component id="oc-52a">
         <name>.debug_info</name>
         <load_address>0x6d28</load_address>
         <run_address>0x6d28</run_address>
         <size>0x123</size>
         <input_file_ref idref="fl-4"/>
      </object_component>
      <object_component id="oc-68e">
         <name>.debug_info</name>
         <load_address>0x6e4b</load_address>
         <run_address>0x6e4b</run_address>
         <size>0x1d8</size>
         <input_file_ref idref="fl-4"/>
      </object_component>
      <object_component id="oc-482">
         <name>.debug_info</name>
         <load_address>0x7023</load_address>
         <run_address>0x7023</run_address>
         <size>0x2ee</size>
         <input_file_ref idref="fl-4"/>
      </object_component>
      <object_component id="oc-721">
         <name>.debug_info</name>
         <load_address>0x7311</load_address>
         <run_address>0x7311</run_address>
         <size>0x122</size>
         <input_file_ref idref="fl-4"/>
      </object_component>
      <object_component id="oc-688">
         <name>.debug_info</name>
         <load_address>0x7433</load_address>
         <run_address>0x7433</run_address>
         <size>0x22d</size>
         <input_file_ref idref="fl-4"/>
      </object_component>
      <object_component id="oc-727">
         <name>.debug_info</name>
         <load_address>0x7660</load_address>
         <run_address>0x7660</run_address>
         <size>0x171</size>
         <input_file_ref idref="fl-4"/>
      </object_component>
      <object_component id="oc-72d">
         <name>.debug_info</name>
         <load_address>0x77d1</load_address>
         <run_address>0x77d1</run_address>
         <size>0x184</size>
         <input_file_ref idref="fl-4"/>
      </object_component>
      <object_component id="oc-55b">
         <name>.debug_info</name>
         <load_address>0x7955</load_address>
         <run_address>0x7955</run_address>
         <size>0x189</size>
         <input_file_ref idref="fl-4"/>
      </object_component>
      <object_component id="oc-549">
         <name>.debug_info</name>
         <load_address>0x7ade</load_address>
         <run_address>0x7ade</run_address>
         <size>0x177</size>
         <input_file_ref idref="fl-4"/>
      </object_component>
      <object_component id="oc-47a">
         <name>.debug_info</name>
         <load_address>0x7c55</load_address>
         <run_address>0x7c55</run_address>
         <size>0x1987</size>
         <input_file_ref idref="fl-6"/>
      </object_component>
      <object_component id="oc-4ad">
         <name>.debug_info</name>
         <load_address>0x95dc</load_address>
         <run_address>0x95dc</run_address>
         <size>0xe2</size>
         <input_file_ref idref="fl-6"/>
      </object_component>
      <object_component id="oc-47f">
         <name>.debug_info</name>
         <load_address>0x96be</load_address>
         <run_address>0x96be</run_address>
         <size>0xe0</size>
         <input_file_ref idref="fl-6"/>
      </object_component>
      <object_component id="oc-48a">
         <name>.debug_info</name>
         <load_address>0x979e</load_address>
         <run_address>0x979e</run_address>
         <size>0xe2</size>
         <input_file_ref idref="fl-6"/>
      </object_component>
      <object_component id="oc-4e8">
         <name>.debug_info</name>
         <load_address>0x9880</load_address>
         <run_address>0x9880</run_address>
         <size>0xf0</size>
         <input_file_ref idref="fl-6"/>
      </object_component>
      <object_component id="oc-4e5">
         <name>.debug_info</name>
         <load_address>0x9970</load_address>
         <run_address>0x9970</run_address>
         <size>0xf6</size>
         <input_file_ref idref="fl-6"/>
      </object_component>
      <object_component id="oc-4e1">
         <name>.debug_info</name>
         <load_address>0x9a66</load_address>
         <run_address>0x9a66</run_address>
         <size>0xe6</size>
         <input_file_ref idref="fl-6"/>
      </object_component>
      <object_component id="oc-49b">
         <name>.debug_info</name>
         <load_address>0x9b4c</load_address>
         <run_address>0x9b4c</run_address>
         <size>0x214</size>
         <input_file_ref idref="fl-6"/>
      </object_component>
      <object_component id="oc-5ca">
         <name>.debug_info</name>
         <load_address>0x9d60</load_address>
         <run_address>0x9d60</run_address>
         <size>0xda</size>
         <input_file_ref idref="fl-6"/>
      </object_component>
      <object_component id="oc-4d9">
         <name>.debug_info</name>
         <load_address>0x9e3a</load_address>
         <run_address>0x9e3a</run_address>
         <size>0xe6</size>
         <input_file_ref idref="fl-6"/>
      </object_component>
      <object_component id="oc-6fa">
         <name>.debug_info</name>
         <load_address>0x9f20</load_address>
         <run_address>0x9f20</run_address>
         <size>0xe9</size>
         <input_file_ref idref="fl-6"/>
      </object_component>
      <object_component id="oc-6fe">
         <name>.debug_info</name>
         <load_address>0xa009</load_address>
         <run_address>0xa009</run_address>
         <size>0xe7</size>
         <input_file_ref idref="fl-6"/>
      </object_component>
      <object_component id="oc-4c4">
         <name>.debug_info</name>
         <load_address>0xa0f0</load_address>
         <run_address>0xa0f0</run_address>
         <size>0x178</size>
         <input_file_ref idref="fl-6"/>
      </object_component>
      <object_component id="oc-5b2">
         <name>.debug_info</name>
         <load_address>0xa268</load_address>
         <run_address>0xa268</run_address>
         <size>0x492</size>
         <input_file_ref idref="fl-6"/>
      </object_component>
      <object_component id="oc-605">
         <name>.debug_info</name>
         <load_address>0xa6fa</load_address>
         <run_address>0xa6fa</run_address>
         <size>0x1c6</size>
         <input_file_ref idref="fl-6"/>
      </object_component>
      <object_component id="oc-60b">
         <name>.debug_info</name>
         <load_address>0xa8c0</load_address>
         <run_address>0xa8c0</run_address>
         <size>0x1af</size>
         <input_file_ref idref="fl-6"/>
      </object_component>
      <object_component id="oc-611">
         <name>.debug_info</name>
         <load_address>0xaa6f</load_address>
[...]
         <name>altitude</name>
         <value>0x1c6c</value>
      </symbol>
      <symbol id="sm-82e">
         <name>temp</name>
         <value>0x1c88</value>
      </symbol>
      <symbol id="sm-82f">
         <name>pres</name>
         <value>0x1c80</value>
      </symbol>
      <symbol id="sm-830">
         <name>units</name>
         <value>0x1ca4</value>
      </symbol>
      <symbol id="sm-831">
         <name>screen</name>
         <value>0x1ca2</value>
      </symbol>
      <symbol id="sm-832">
         <name>ref_pressure</name>
         <value>0x1c70</value>
      </symbol>
      <symbol id="sm-833">
         <name>voltage</name>
         <value>0x1c94</value>
      </symbol>
      <symbol id="sm-834">
         <name>measured</name>
         <value>0x1ca1</value>
      </symbol>
      <symbol id="sm-835">
         <name>line_lenght</name>
         <value>0x1c7e</value>
      </symbol>
      <symbol id="sm-836">
         <name>direction</name>
         <value>0x1c7a</value>
      </symbol>
      <symbol id="sm-837">
         <name>calibration</name>
         <value>0x1c9f</value>
      </symbol>
      <symbol id="sm-838">
         <name>cal_pause</name>
         <value>0x1c9e</value>
      </symbol>
      <symbol id="sm-839">
         <name>skip</name>
         <value>0x1ca3</value>
      </symbol>
      <symbol id="sm-83a">
         <name>tick</name>
         <value>0x1c90</value>
      </symbol>
      <symbol id="sm-83b">
         <name>x</name>
         <value>0x1c96</value>
      </symbol>
      <symbol id="sm-83c">
         <name>y</name>
         <value>0x1c98</value>
      </symbol>
      <symbol id="sm-83d">
         <name>z</name>
         <value>0x1c9a</value>
      </symbol>
      <symbol id="sm-83e">
         <name>ax</name>
         <value>0x1c74</value>
      </symbol>
      <symbol id="sm-83f">
         <name>ay</name>
         <value>0x1c76</value>
      </symbol>
      <symbol id="sm-840">
         <name>az</name>
         <value>0x1c78</value>
      </symbol>
      <symbol id="sm-841">
         <name>FRAM_write_ptr</name>
         <value>0x1c68</value>
      </symbol>
      <symbol id="sm-842">
         <name>bytes_received</name>
         <value>0x1c9c</value>
      </symbol>
      <symbol id="sm-843">
         <name>rx_buffer</name>
         <value>0x1c24</value>
      </symbol>
      <symbol id="sm-844">
         <name>values_transmitted</name>
         <value>0x1c92</value>
      </symbol>
      <symbol id="sm-845">
         <name>clock_mode</name>
         <value>0x1ca0</value>
      </symbol>
      <symbol id="sm-846">
         <name>dow</name>
         <value>0x188d</value>
         <object_component_ref idref="oc-49a"/>
      </symbol>
      <symbol id="sm-847">
         <name>_Z9PORT1_ISRv</name>
         <value>0x4a60</value>
         <object_component_ref idref="oc-407"/>
      </symbol>
      <symbol id="sm-848">
         <name>pressure_array</name>
         <value>0xe500</value>
         <object_component_ref idref="oc-4e7"/>
      </symbol>
      <symbol id="sm-849">
         <name>_Z11show_screenv</name>
         <value>0x10000</value>
         <object_component_ref idref="oc-4a5"/>
      </symbol>
      <symbol id="sm-84a">
         <name>__sti___8_main_cpp_display</name>
         <value>0x13a64</value>
         <object_component_ref idref="oc-45a"/>
      </symbol>
      <symbol id="sm-84b">
         <name>__TI_int39</name>
         <value>0xffde</value>
         <object_component_ref idref="oc-89"/>
      </symbol>
      <symbol id="sm-84c">
         <name>sec</name>
         <value>0x1887</value>
         <object_component_ref idref="oc-49a"/>
      </symbol>
      <symbol id="sm-84d">
         <name>hour</name>
         <value>0x1889</value>
         <object_component_ref idref="oc-49a"/>
      </symbol>
      <symbol id="sm-84e">
         <name>__TI_int48</name>
         <value>0xfff0</value>
         <object_component_ref idref="oc-92"/>
      </symbol>
      <symbol id="sm-84f">
         <name>__TI_int44</name>
         <value>0xffe8</value>
         <object_component_ref idref="oc-8e"/>
      </symbol>
      <symbol id="sm-850">
         <name>__TI_int40</name>
         <value>0xffe0</value>
         <object_component_ref idref="oc-8a"/>
      </symbol>
      <symbol id="sm-851">
         <name>temperature_array</name>
         <value>0xf040</value>
         <object_component_ref idref="oc-4e4"/>
      </symbol>
      <symbol id="sm-852">
         <name>d_counter</name>
         <value>0xe400</value>
         <object_component_ref idref="oc-4e0"/>
      </symbol>
      <symbol id="sm-853">
         <name>day</name>
         <value>0x188a</value>
         <object_component_ref idref="oc-49a"/>
      </symbol>
      <symbol id="sm-854">
         <name>_Z11read_sensorv</name>
         <value>0x1307a</value>
         <object_component_ref idref="oc-4c3"/>
      </symbol>
      <symbol id="sm-855">
         <name>year</name>
         <value>0x188c</value>
         <object_component_ref idref="oc-49a"/>
      </symbol>
      <symbol id="sm-856">
         <name>_Z3cosi</name>
         <value>0x139fc</value>
         <object_component_ref idref="oc-610"/>
      </symbol>
      <symbol id="sm-857">
         <name>_Z11USCI_A0_ISRv</name>
         <value>0x4400</value>
         <object_component_ref idref="oc-419"/>
      </symbol>
      <symbol id="sm-858">
         <name>main</name>
         <value>0x13b8e</value>
         <object_component_ref idref="oc-446"/>
      </symbol>
      <symbol id="sm-859">
         <name>_Z13compass_resetv</name>
         <value>0x12cf6</value>
         <object_component_ref idref="oc-69a"/>
      </symbol>
      <symbol id="sm-85a">
         <name>_Z5spliti</name>
         <value>0x11c8c</value>
         <object_component_ref idref="oc-5b1"/>
      </symbol>
      <symbol id="sm-85b">
         <name>compass</name>
         <value>0x1c00</value>
         <object_component_ref idref="oc-489"/>
      </symbol>
      <symbol id="sm-85c">
         <name>display1_time</name>
         <value>0x1880</value>
         <object_component_ref idref="oc-49a"/>
      </symbol>
      <symbol id="sm-85d">
         <name>display2_time</name>
         <value>0x1882</value>
         <object_component_ref idref="oc-49a"/>
      </symbol>
      <symbol id="sm-85e">
         <name>display3_time</name>
         <value>0x1884</value>
         <object_component_ref idref="oc-49a"/>
      </symbol>
      <symbol id="sm-85f">
         <name>month</name>
         <value>0x188b</value>
         <object_component_ref idref="oc-49a"/>
      </symbol>
      <symbol id="sm-860">
         <name>strtosend</name>
         <value>0x1cca</value>
         <object_component_ref idref="oc-4d8"/>
      </symbol>
      <symbol id="sm-861">
         <name>_Z4initv</name>
         <value>0x11f62</value>
         <object_component_ref idref="oc-515"/>
      </symbol>
      <symbol id="sm-862">
         <name>display</name>
         <value>0x1c38</value>
         <object_component_ref idref="oc-4ac"/>
      </symbol>
      <symbol id="sm-863">
         <name>min</name>
         <value>0x1888</value>
         <object_component_ref idref="oc-49a"/>
      </symbol>
      <symbol id="sm-864">
         <name>_Z12check_buttonh</name>
         <value>0x1310e</value>
         <object_component_ref idref="oc-493"/>
      </symbol>
      <symbol id="sm-865">
         <name>_Z10TIMER0_ISRv</name>
         <value>0x4b8c</value>
         <object_component_ref idref="oc-413"/>
      </symbol>
      <symbol id="sm-866">
         <name>_Z10TIMER1_ISRv</name>
         <value>0x486e</value>
         <object_component_ref idref="oc-40d"/>
      </symbol>
      <symbol id="sm-867">
         <name>_Z8sendDataPc</name>
         <value>0x13a30</value>
         <object_component_ref idref="oc-4cd"/>
      </symbol>
      <symbol id="sm-868">
         <name>str</name>
         <value>0x1cc2</value>
         <object_component_ref idref="oc-5c9"/>
      </symbol>
      <symbol id="sm-869">
         <name>_Z9calibratev</name>
         <value>0x115d6</value>
         <object_component_ref idref="oc-51b"/>
      </symbol>
      <symbol id="sm-86a">
         <name>time_format</name>
         <value>0x1886</value>
         <object_component_ref idref="oc-49a"/>
      </symbol>
      <symbol id="sm-86b">
         <name>sensor</name>
         <value>0x1c48</value>
         <object_component_ref idref="oc-47e"/>
      </symbol>
      <symbol id="sm-86c">
         <name>_Z3sini</name>
         <value>0x13502</value>
         <object_component_ref idref="oc-60a"/>
      </symbol>
      <symbol id="sm-86d">
         <name>_Z4atanl</name>
         <value>0x1376c</value>
         <object_component_ref idref="oc-604"/>
      </symbol>
      <symbol id="sm-883">
         <name>__TI_decompress_none</name>
         <value>0x13c3c</value>
         <object_component_ref idref="oc-75"/>
      </symbol>
      <symbol id="sm-8a5">
         <name>__TI_decompress_rle24</name>
         <value>0x13cb4</value>
         <object_component_ref idref="oc-7b"/>
      </symbol>
      <symbol id="sm-8a8">
         <name>__TI_int31</name>
         <value>0xffce</value>
         <object_component_ref idref="oc-81"/>
      </symbol>
      <symbol id="sm-8b0">
         <name>__TI_ISR_TRAP</name>
         <value>0x4bee</value>
         <object_component_ref idref="oc-402"/>
      </symbol>
      <symbol id="sm-8b3">
         <name>__TI_int32</name>
         <value>0xffd0</value>
         <object_component_ref idref="oc-82"/>
      </symbol>
      <symbol id="sm-8b6">
         <name>__TI_int33</name>
         <value>0xffd2</value>
         <object_component_ref idref="oc-83"/>
      </symbol>
      <symbol id="sm-8b9">
         <name>__TI_int34</name>
         <value>0xffd4</value>
         <object_component_ref idref="oc-84"/>
      </symbol>
      <symbol id="sm-8bc">
         <name>__TI_int35</name>
         <value>0xffd6</value>
         <object_component_ref idref="oc-85"/>
      </symbol>
      <symbol id="sm-8bf">
         <name>__TI_int36</name>
         <value>0xffd8</value>
         <object_component_ref idref="oc-86"/>
      </symbol>
      <symbol id="sm-8c2">
         <name>__TI_int37</name>
         <value>0xffda</value>
         <object_component_ref idref="oc-87"/>
      </symbol>
      <symbol id="sm-8c5">
         <name>__TI_int38</name>
         <value>0xffdc</value>
         <object_component_ref idref="oc-88"/>
      </symbol>
      <symbol id="sm-8c8">
         <name>__TI_int41</name>
         <value>0xffe2</value>
         <object_component_ref idref="oc-8b"/>
      </symbol>
      <symbol id="sm-8cb">
         <name>__TI_int42</name>
         <value>0xffe4</value>
         <object_component_ref idref="oc-8c"/>
      </symbol>
      <symbol id="sm-8ce">
         <name>__TI_int43</name>
         <value>0xffe6</value>
         <object_component_ref idref="oc-8d"/>
      </symbol>
      <symbol id="sm-8d1">
         <name>__TI_int45</name>
         <value>0xffea</value>
         <object_component_ref idref="oc-8f"/>
      </symbol>
      <symbol id="sm-8d4">
         <name>__TI_int46</name>
         <value>0xffec</value>
         <object_component_ref idref="oc-90"/>
      </symbol>
      <symbol id="sm-8d7">
         <name>__TI_int47</name>
         <value>0xffee</value>
         <object_component_ref idref="oc-91"/>
      </symbol>
      <symbol id="sm-8da">
         <name>__TI_int49</name>
         <value>0xfff2</value>
         <object_component_ref idref="oc-93"/>
      </symbol>
      <symbol id="sm-8dd">
         <name>__TI_int50</name>
         <value>0xfff4</value>
         <object_component_ref idref="oc-94"/>
      </symbol>
      <symbol id="sm-8e0">
         <name>__TI_int51</name>
         <value>0xfff6</value>
         <object_component_ref idref="oc-95"/>
      </symbol>
      <symbol id="sm-8e3">
         <name>__TI_int52</name>
         <value>0xfff8</value>
         <object_component_ref idref="oc-96"/>
      </symbol>
      <symbol id="sm-8e6">
         <name>__TI_int53</name>
         <value>0xfffa</value>
         <object_component_ref idref="oc-97"/>
      </symbol>
      <symbol id="sm-8e9">
         <name>__TI_int54</name>
         <value>0xfffc</value>
         <object_component_ref idref="oc-98"/>
      </symbol>
      <symbol id="sm-8f6">
         <name>__mspabi_remi</name>
         <value>0x13abe</value>
         <object_component_ref idref="oc-5ab"/>
      </symbol>
      <symbol id="sm-8f7">
         <name>__mspabi_divi</name>
         <value>0x13abe</value>
         <object_component_ref idref="oc-5ab"/>
      </symbol>
      <symbol id="sm-903">
         <name>__mspabi_remli</name>
         <value>0x137f8</value>
         <object_component_ref idref="oc-586"/>
      </symbol>
      <symbol id="sm-904">
         <name>__mspabi_divli</name>
         <value>0x137f8</value>
         <object_component_ref idref="oc-586"/>
      </symbol>
      <symbol id="sm-90e">
         <name>__mspabi_remu</name>
         <value>0x13c12</value>
         <object_component_ref idref="oc-4d3"/>
      </symbol>
      <symbol id="sm-90f">
         <name>__mspabi_divu</name>
         <value>0x13c12</value>
         <object_component_ref idref="oc-4d3"/>
      </symbol>
      <symbol id="sm-91d">
         <name>__mspabi_remul</name>
         <value>0x1361c</value>
         <object_component_ref idref="oc-6c6"/>
      </symbol>
      <symbol id="sm-91e">
         <name>__mspabi_divul</name>
         <value>0x1361c</value>
         <object_component_ref idref="oc-6c6"/>
      </symbol>
      <symbol id="sm-927">
         <name>__mspabi_mpyi_f5hw</name>
         <value>0x13be4</value>
         <object_component_ref idref="oc-4db"/>
      </symbol>
      <symbol id="sm-930">
         <name>__mspabi_mpyl_f5hw</name>
         <value>0x13aea</value>
         <object_component_ref idref="oc-581"/>
      </symbol>
      <symbol id="sm-939">
         <name>__mspabi_mpyll_f5hw</name>
         <value>0x135c0</value>
         <object_component_ref idref="oc-57c"/>
      </symbol>
      <symbol id="sm-943">
         <name>__mspabi_mpysll_f5hw</name>
         <value>0x13a92</value>
         <object_component_ref idref="oc-571"/>
      </symbol>
      <symbol id="sm-94d">
         <name>__mspabi_slli</name>
         <value>0x13c92</value>
         <object_component_ref idref="oc-6a9"/>
      </symbol>
      <symbol id="sm-955">
         <name>__mspabi_slll_9</name>
         <value>0x13850</value>
         <object_component_ref idref="oc-566"/>
      </symbol>
      <symbol id="sm-956">
         <name>__mspabi_slll_8</name>
         <value>0x13854</value>
         <object_component_ref idref="oc-566"/>
      </symbol>
      <symbol id="sm-957">
         <name>__mspabi_slll_7</name>
         <value>0x13858</value>
         <object_component_ref idref="oc-566"/>
      </symbol>
      <symbol id="sm-958">
         <name>__mspabi_slll_6</name>
         <value>0x1385c</value>
         <object_component_ref idref="oc-566"/>
      </symbol>
      <symbol id="sm-959">
         <name>__mspabi_slll_5</name>
         <value>0x13860</value>
         <object_component_ref idref="oc-566"/>
      </symbol>
      <symbol id="sm-95a">
         <name>__mspabi_slll_4</name>
         <value>0x13864</value>
         <object_component_ref idref="oc-566"/>
      </symbol>
      <symbol id="sm-95b">
         <name>__mspabi_slll_3</name>
         <value>0x13868</value>
         <object_component_ref idref="oc-566"/>
      </symbol>
      <symbol id="sm-95c">
         <name>__mspabi_slll_2</name>
         <value>0x1386c</value>
         <object_component_ref idref="oc-566"/>
      </symbol>
      <symbol id="sm-95d">
         <name>__mspabi_slll_1</name>
         <value>0x13870</value>
         <object_component_ref idref="oc-566"/>
      </symbol>
      <symbol id="sm-95e">
         <name>__mspabi_slll_15</name>
         <value>0x13838</value>
         <object_component_ref idref="oc-566"/>
      </symbol>
      <symbol id="sm-95f">
         <name>__mspabi_slll_14</name>
         <value>0x1383c</value>
         <object_component_ref idref="oc-566"/>
      </symbol>
      <symbol id="sm-960">
         <name>__mspabi_slll_13</name>
         <value>0x13840</value>
         <object_component_ref idref="oc-566"/>
      </symbol>
      <symbol id="sm-961">
         <name>__mspabi_slll_12</name>
         <value>0x13844</value>
         <object_component_ref idref="oc-566"/>
      </symbol>
      <symbol id="sm-962">
         <name>__mspabi_slll_11</name>
         <value>0x13848</value>
         <object_component_ref idref="oc-566"/>
      </symbol>
      <symbol id="sm-963">
         <name>__mspabi_slll_10</name>
         <value>0x1384c</value>
         <object_component_ref idref="oc-566"/>
      </symbol>
      <symbol id="sm-970">
         <name>__mspabi_sllll</name>
         <value>0x13876</value>
         <object_component_ref idref="oc-56b"/>
      </symbol>
      <symbol id="sm-97d">
         <name>__mspabi_srlll</name>
         <value>0x138b0</value>
         <object_component_ref idref="oc-576"/>
      </symbol>
      <symbol id="sm-985">
         <name>_stack</name>
         <value>0x2360</value>
         <object_component_ref idref="oc-3e4"/>
      </symbol>
      <symbol id="sm-986">
         <name>_reset_vector</name>
         <value>0xfffe</value>
         <object_component_ref idref="oc-3e7"/>
      </symbol>
      <symbol id="sm-9a9">
         <name>_auto_init_hold_wdt</name>
         <value>0x13190</value>
         <object_component_ref idref="oc-42c"/>
      </symbol>
      <symbol id="sm-9b3">
         <name>_c_int00_noargs_noexit</name>
         <value>0x4bd4</value>
         <object_component_ref idref="oc-b7"/>
      </symbol>
      <symbol id="sm-9bd">
         <name>_system_post_cinit</name>
         <value>0x13cbe</value>
         <object_component_ref idref="oc-4f4"/>
      </symbol>
      <symbol id="sm-9c6">
         <name>_system_pre_init</name>
         <value>0x13cba</value>
         <object_component_ref idref="oc-426"/>
      </symbol>
      <symbol id="sm-9d0">
         <name>C$$EXIT</name>
         <value>0x13cae</value>
         <object_component_ref idref="oc-44e"/>
      </symbol>
      <symbol id="sm-9d1">
         <name>abort</name>
         <value>0x13cae</value>
         <object_component_ref idref="oc-44e"/>
      </symbol>
      <symbol id="sm-9dd">
         <name>abs</name>
         <value>0x13c88</value>
         <object_component_ref idref="oc-6a0"/>
      </symbol>
      <symbol id="sm-9f8">
         <name>copy_in</name>
         <value>0x13438</value>
         <object_component_ref idref="oc-4ee"/>
      </symbol>
      <symbol id="sm-a06">
         <name>memcpy</name>
         <value>0x13c28</value>
         <object_component_ref idref="oc-3e8"/>
      </symbol>
      <symbol id="sm-a13">
         <name>strlen</name>
         <value>0x13c4e</value>
         <object_component_ref idref="oc-63e"/>
      </symbol>
      <symbol id="sm-a18">
         <name>__TI_BINIT_Base</name>
         <value>0x0</value>
      </symbol>
      <symbol id="sm-a19">
         <name>__TI_BINIT_Limit</name>
         <value>0x0</value>
      </symbol>
   </symbol_table>
   <title>Link successful</title>
</link_info>
