<?xml version="1.0"?>
<link_info>
   <banner>MSP430 Linker PC v4.4.5</banner>
   <copyright>Copyright (c) 2003-2015 Texas Instruments Incorporated</copyright>
   <link_time>0x56e0618d</link_time>
   <link_errors>0x0</link_errors>
   <output_file>Adventurer_v_9CCS.out</output_file>
   <entry_point>
      <name>_c_int00_noargs_noexit</name>
      <address>0x4848</address>
   </entry_point>
   <input_file_list>
      <input_file id="fl-2">
         <path>.\</path>
         <kind>object</kind>
         <file>Adafruit_SSD1306.obj</file>
         <name>Adafruit_SSD1306.obj</name>
      </input_file>
      <input_file id="fl-3">
         <path>.\</path>
         <kind>object</kind>
         <file>FXOS8700CQ.obj</file>
         <name>FXOS8700CQ.obj</name>
      </input_file>
      <input_file id="fl-4">
         <path>.\</path>
         <kind>object</kind>
         <file>MS5803.obj</file>
         <name>MS5803.obj</name>
      </input_file>
      <input_file id="fl-5">
         <path>.\</path>
         <kind>object</kind>
         <file>glcdfont.obj</file>
         <name>glcdfont.obj</name>
      </input_file>
      <input_file id="fl-6">
         <path>.\</path>
         <kind>object</kind>
         <file>main.obj</file>
         <name>main.obj</name>
      </input_file>
      <input_file id="fl-3b">
         <path>C:\ti\ccsv6\tools\compiler\ti-cgt-msp430_4.4.5\lib\</path>
         <kind>archive</kind>
         <file>rts430x_lc_rd_eabi.lib</file>
         <name>copy_decompress_none.obj</name>
      </input_file>
      <input_file id="fl-3c">
         <path>C:\ti\ccsv6\tools\compiler\ti-cgt-msp430_4.4.5\lib\</path>
         <kind>archive</kind>
         <file>rts430x_lc_rd_eabi.lib</file>
         <name>copy_decompress_rle.obj</name>
      </input_file>
      <input_file id="fl-3d">
         <path>C:\ti\ccsv6\tools\compiler\ti-cgt-msp430_4.4.5\lib\</path>
         <kind>archive</kind>
         <file>rts430x_lc_rd_eabi.lib</file>
         <name>int31.obj</name>
      </input_file>
      <input_file id="fl-3e">
         <path>C:\ti\ccsv6\tools\compiler\ti-cgt-msp430_4.4.5\lib\</path>
         <kind>archive</kind>
         <file>rts430x_lc_rd_eabi.lib</file>
         <name>isr_trap.obj</name>
      </input_file>
      <input_file id="fl-3f">
         <path>C:\ti\ccsv6\tools\compiler\ti-cgt-msp430_4.4.5\lib\</path>
         <kind>archive</kind>
         <file>rts430x_lc_rd_eabi.lib</file>
         <name>int32.obj</name>
      </input_file>
      <input_file id="fl-40">
         <path>C:\ti\ccsv6\tools\compiler\ti-cgt-msp430_4.4.5\lib\</path>
         <kind>archive</kind>
         <file>rts430x_lc_rd_eabi.lib</file>
         <name>int33.obj</name>
      </input_file>
      <input_file id="fl-41">
         <path>C:\ti\ccsv6\tools\compiler\ti-cgt-msp430_4.4.5\lib\</path>
         <kind>archive</kind>
         <file>rts430x_lc_rd_eabi.lib</file>
         <name>int34.obj</name>
      </input_file>
      <input_file id="fl-42">
         <path>C:\ti\ccsv6\tools\compiler\ti-cgt-msp430_4.4.5\lib\</path>
         <kind>archive</kind>
         <file>rts430x_lc_rd_eabi.lib</file>
         <name>int35.obj</name>
      </input_file>
      <input_file id="fl-43">
         <path>C:\ti\ccsv6\tools\compiler\ti-cgt-msp430_4.4.5\lib\</path>
         <kind>archive</kind>
         <file>rts430x_lc_rd_eabi.lib</file>
         <name>int36.obj</name>
      </input_file>
      <input_file id="fl-44">
         <path>C:\ti\ccsv6\tools\compiler\ti-cgt-msp430_4.4.5\lib\</path>
         <kind>archive</kind>
         <file>rts430x_lc_rd_eabi.lib</file>
         <name>int37.obj</name>
      </input_file>
      <input_file id="fl-45">
         <path>C:\ti\ccsv6\tools\compiler\ti-cgt-msp430_4.4.5\lib\</path>
         <kind>archive</kind>
         <file>rts430x_lc_rd_eabi.lib</file>
         <name>int38.obj</name>
      </input_file>
      <input_file id="fl-46">
         <path>C:\ti\ccsv6\tools\compiler\ti-cgt-msp430_4.4.5\lib\</path>
         <kind>archive</kind>
         <file>rts430x_lc_rd_eabi.lib</file>
         <name>int41.obj</name>
      </input_file>
      <input_file id="fl-47">
         <path>C:\ti\ccsv6\tools\compiler\ti-cgt-msp430_4.4.5\lib\</path>
         <kind>archive</kind>
         <file>rts430x_lc_rd_eabi.lib</file>
         <name>int42.obj</name>
      </input_file>
      <input_file id="fl-48">
         <path>C:\ti\ccsv6\tools\compiler\ti-cgt-msp430_4.4.5\lib\</path>
         <kind>archive</kind>
         <file>rts430x_lc_rd_eabi.lib</file>
         <name>int43.obj</name>
      </input_file>
      <input_file id="fl-49">
         <path>C:\ti\ccsv6\tools\compiler\ti-cgt-msp430_4.4.5\lib\</path>
         <kind>archive</kind>
         <file>rts430x_lc_rd_eabi.lib</file>
         <name>int45.obj</name>
      </input_file>
      <input_file id="fl-4a">
         <path>C:\ti\ccsv6\tools\compiler\ti-cgt-msp430_4.4.5\lib\</path>
         <kind>archive</kind>
         <file>rts430x_lc_rd_eabi.lib</file>
         <name>int46.obj</name>
      </input_file>
      <input_file id="fl-4b">
         <path>C:\ti\ccsv6\tools\compiler\ti-cgt-msp430_4.4.5\lib\</path>
         <kind>archive</kind>
         <file>rts430x_lc_rd_eabi.lib</file>
         <name>int47.obj</name>
      </input_file>
      <input_file id="fl-4c">
         <path>C:\ti\ccsv6\tools\compiler\ti-cgt-msp430_4.4.5\lib\</path>
         <kind>archive</kind>
         <file>rts430x_lc_rd_eabi.lib</file>
         <name>int49.obj</name>
      </input_file>
      <input_file id="fl-4d">
         <path>C:\ti\ccsv6\tools\compiler\ti-cgt-msp430_4.4.5\lib\</path>
         <kind>archive</kind>
         <file>rts430x_lc_rd_eabi.lib</file>
         <name>int50.obj</name>
      </input_file>
      <input_file id="fl-4e">
         <path>C:\ti\ccsv6\tools\compiler\ti-cgt-msp430_4.4.5\lib\</path>
         <kind>archive</kind>
         <file>rts430x_lc_rd_eabi.lib</file>
         <name>int51.obj</name>
      </input_file>
      <input_file id="fl-4f">
         <path>C:\ti\ccsv6\tools\compiler\ti-cgt-msp430_4.4.5\lib\</path>
         <kind>archive</kind>
         <file>rts430x_lc_rd_eabi.lib</file>
         <name>int52.obj</name>
      </input_file>
      <input_file id="fl-50">
         <path>C:\ti\ccsv6\tools\compiler\ti-cgt-msp430_4.4.5\lib\</path>
         <kind>archive</kind>
         <file>rts430x_lc_rd_eabi.lib</file>
         <name>int53.obj</name>
      </input_file>
      <input_file id="fl-51">
         <path>C:\ti\ccsv6\tools\compiler\ti-cgt-msp430_4.4.5\lib\</path>
         <kind>archive</kind>
         <file>rts430x_lc_rd_eabi.lib</file>
         <name>int54.obj</name>
      </input_file>
      <input_file id="fl-52">
         <path>C:\ti\ccsv6\tools\compiler\ti-cgt-msp430_4.4.5\lib\</path>
         <kind>archive</kind>
         <file>rts430x_lc_rd_eabi.lib</file>
         <name>copy_zero_init.obj</name>
      </input_file>
      <input_file id="fl-53">
         <path>C:\ti\ccsv6\tools\compiler\ti-cgt-msp430_4.4.5\lib\</path>
         <kind>archive</kind>
         <file>rts430x_lc_rd_eabi.lib</file>
         <name>div16s.obj</name>
      </input_file>
      <input_file id="fl-54">
         <path>C:\ti\ccsv6\tools\compiler\ti-cgt-msp430_4.4.5\lib\</path>
         <kind>archive</kind>
         <file>rts430x_lc_rd_eabi.lib</file>
         <name>div32s.obj</name>
      </input_file>
      <input_file id="fl-55">
         <path>C:\ti\ccsv6\tools\compiler\ti-cgt-msp430_4.4.5\lib\</path>
         <kind>archive</kind>
         <file>rts430x_lc_rd_eabi.lib</file>
         <name>div16u.obj</name>
      </input_file>
      <input_file id="fl-56">
         <path>C:\ti\ccsv6\tools\compiler\ti-cgt-msp430_4.4.5\lib\</path>
         <kind>archive</kind>
         <file>rts430x_lc_rd_eabi.lib</file>
         <name>div32u.obj</name>
      </input_file>
      <input_file id="fl-57">
         <path>C:\ti\ccsv6\tools\compiler\ti-cgt-msp430_4.4.5\lib\</path>
         <kind>archive</kind>
         <file>rts430x_lc_rd_eabi.lib</file>
         <name>div64u.obj</name>
      </input_file>
      <input_file id="fl-58">
         <path>C:\ti\ccsv6\tools\compiler\ti-cgt-msp430_4.4.5\lib\</path>
         <kind>archive</kind>
         <file>rts430x_lc_rd_eabi.lib</file>
         <name>mult16.obj</name>
      </input_file>
      <input_file id="fl-59">
         <path>C:\ti\ccsv6\tools\compiler\ti-cgt-msp430_4.4.5\lib\</path>
         <kind>archive</kind>
         <file>rts430x_lc_rd_eabi.lib</file>
         <name>mult16_f5hw.obj</name>
      </input_file>
      <input_file id="fl-5a">
         <path>C:\ti\ccsv6\tools\compiler\ti-cgt-msp430_4.4.5\lib\</path>
         <kind>archive</kind>
         <file>rts430x_lc_rd_eabi.lib</file>
         <name>mult32.obj</name>
      </input_file>
      <input_file id="fl-5b">
         <path>C:\ti\ccsv6\tools\compiler\ti-cgt-msp430_4.4.5\lib\</path>
         <kind>archive</kind>
         <file>rts430x_lc_rd_eabi.lib</file>
         <name>mult32_f5hw.obj</name>
      </input_file>
      <input_file id="fl-5c">
         <path>C:\ti\ccsv6\tools\compiler\ti-cgt-msp430_4.4.5\lib\</path>
         <kind>archive</kind>
         <file>rts430x_lc_rd_eabi.lib</file>
         <name>mult64.obj</name>
      </input_file>
      <input_file id="fl-5d">
         <path>C:\ti\ccsv6\tools\compiler\ti-cgt-msp430_4.4.5\lib\</path>
         <kind>archive</kind>
         <file>rts430x_lc_rd_eabi.lib</file>
         <name>mult64_f5hw.obj</name>
      </input_file>
      <input_file id="fl-5e">
         <path>C:\ti\ccsv6\tools\compiler\ti-cgt-msp430_4.4.5\lib\</path>
         <kind>archive</kind>
         <file>rts430x_lc_rd_eabi.lib</file>
         <name>mult1632_f5hw.obj</name>
      </input_file>
      <input_file id="fl-5f">
         <path>C:\ti\ccsv6\tools\compiler\ti-cgt-msp430_4.4.5\lib\</path>
         <kind>archive</kind>
         <file>rts430x_lc_rd_eabi.lib</file>
         <name>mult3264.obj</name>
      </input_file>
      <input_file id="fl-60">
         <path>C:\ti\ccsv6\tools\compiler\ti-cgt-msp430_4.4.5\lib\</path>
         <kind>archive</kind>
         <file>rts430x_lc_rd_eabi.lib</file>
         <name>mult3264_f5hw.obj</name>
      </input_file>
      <input_file id="fl-61">
         <path>C:\ti\ccsv6\tools\compiler\ti-cgt-msp430_4.4.5\lib\</path>
         <kind>archive</kind>
         <file>rts430x_lc_rd_eabi.lib</file>
         <name>mult1632.obj</name>
      </input_file>
      <input_file id="fl-62">
         <path>C:\ti\ccsv6\tools\compiler\ti-cgt-msp430_4.4.5\lib\</path>
         <kind>archive</kind>
         <file>rts430x_lc_rd_eabi.lib</file>
         <name>lsl16.obj</name>
      </input_file>
      <input_file id="fl-63">
         <path>C:\ti\ccsv6\tools\compiler\ti-cgt-msp430_4.4.5\lib\</path>
         <kind>archive</kind>
         <file>rts430x_lc_rd_eabi.lib</file>
         <name>lsl32.obj</name>
      </input_file>
      <input_file id="fl-64">
         <path>C:\ti\ccsv6\tools\compiler\ti-cgt-msp430_4.4.5\lib\</path>
         <kind>archive</kind>
         <file>rts430x_lc_rd_eabi.lib</file>
         <name>lsl64.obj</name>
      </input_file>
      <input_file id="fl-65">
         <path>C:\ti\ccsv6\tools\compiler\ti-cgt-msp430_4.4.5\lib\</path>
         <kind>archive</kind>
         <file>rts430x_lc_rd_eabi.lib</file>
         <name>lsr32.obj</name>
      </input_file>
      <input_file id="fl-66">
         <path>C:\ti\ccsv6\tools\compiler\ti-cgt-msp430_4.4.5\lib\</path>
         <kind>archive</kind>
         <file>rts430x_lc_rd_eabi.lib</file>
         <name>lsr64.obj</name>
      </input_file>
      <input_file id="fl-67">
         <path>C:\ti\ccsv6\tools\compiler\ti-cgt-msp430_4.4.5\lib\</path>
         <kind>archive</kind>
         <file>rts430x_lc_rd_eabi.lib</file>
         <name>boot.obj</name>
      </input_file>
      <input_file id="fl-68">
         <path>C:\ti\ccsv6\tools\compiler\ti-cgt-msp430_4.4.5\lib\</path>
         <kind>archive</kind>
         <file>rts430x_lc_rd_eabi.lib</file>
         <name>args_main.obj</name>
      </input_file>
      <input_file id="fl-69">
         <path>C:\ti\ccsv6\tools\compiler\ti-cgt-msp430_4.4.5\lib\</path>
         <kind>archive</kind>
         <file>rts430x_lc_rd_eabi.lib</file>
         <name>autoinit_wdt.obj</name>
      </input_file>
      <input_file id="fl-6a">
         <path>C:\ti\ccsv6\tools\compiler\ti-cgt-msp430_4.4.5\lib\</path>
         <kind>archive</kind>
         <file>rts430x_lc_rd_eabi.lib</file>
         <name>boot_special.obj</name>
      </input_file>
      <input_file id="fl-6b">
         <path>C:\ti\ccsv6\tools\compiler\ti-cgt-msp430_4.4.5\lib\</path>
         <kind>archive</kind>
         <file>rts430x_lc_rd_eabi.lib</file>
         <name>mpu_init.obj</name>
      </input_file>
      <input_file id="fl-6c">
         <path>C:\ti\ccsv6\tools\compiler\ti-cgt-msp430_4.4.5\lib\</path>
         <kind>archive</kind>
         <file>rts430x_lc_rd_eabi.lib</file>
         <name>pre_init.obj</name>
      </input_file>
      <input_file id="fl-6d">
         <path>C:\ti\ccsv6\tools\compiler\ti-cgt-msp430_4.4.5\lib\</path>
         <kind>archive</kind>
         <file>rts430x_lc_rd_eabi.lib</file>
         <name>exit.obj</name>
      </input_file>
      <input_file id="fl-6e">
         <path>C:\ti\ccsv6\tools\compiler\ti-cgt-msp430_4.4.5\lib\</path>
         <kind>archive</kind>
         <file>rts430x_lc_rd_eabi.lib</file>
         <name>exit_gvars.obj</name>
      </input_file>
      <input_file id="fl-6f">
         <path>C:\ti\ccsv6\tools\compiler\ti-cgt-msp430_4.4.5\lib\</path>
         <kind>archive</kind>
         <file>rts430x_lc_rd_eabi.lib</file>
         <name>_lock.obj</name>
      </input_file>
      <input_file id="fl-70">
         <path>C:\ti\ccsv6\tools\compiler\ti-cgt-msp430_4.4.5\lib\</path>
         <kind>archive</kind>
         <file>rts430x_lc_rd_eabi.lib</file>
         <name>abs.obj</name>
      </input_file>
      <input_file id="fl-71">
         <path>C:\ti\ccsv6\tools\compiler\ti-cgt-msp430_4.4.5\lib\</path>
         <kind>archive</kind>
         <file>rts430x_lc_rd_eabi.lib</file>
         <name>memcpy.obj</name>
      </input_file>
      <input_file id="fl-72">
         <path>C:\ti\ccsv6\tools\compiler\ti-cgt-msp430_4.4.5\lib\</path>
         <kind>archive</kind>
         <file>rts430x_lc_rd_eabi.lib</file>
         <name>strlen.obj</name>
      </input_file>
   </input_file_list>
   <object_component_list>
      <object_component id="oc-4c0">
         <name>__TI_handler_table</name>
         <load_address>0x57e6</load_address>
         <run_address>0x57e6</run_address>
         <size>0xc</size>
      </object_component>
      <object_component id="oc-4c3">
         <name>.cinit..data.load</name>
         <load_address>0x57f2</load_address>
         <run_address>0x57f2</run_address>
         <size>0x9</size>
      </object_component>
      <object_component id="oc-4c2">
         <name>.cinit..bss.load</name>
         <load_address>0x57fc</load_address>
         <run_address>0x57fc</run_address>
         <size>0x6</size>
      </object_component>
      <object_component id="oc-4c1">
         <name>__TI_cinit_table</name>
         <load_address>0x5802</load_address>
         <run_address>0x5802</run_address>
         <size>0x10</size>
      </object_component>
      <object_component id="oc-db">
         <name>.init_array</name>
         <load_address>0x4876</load_address>
         <run_address>0x4876</run_address>
         <size>0x4</size>
         <input_file_ref idref="fl-6"/>
      </object_component>
      <object_component id="oc-3c9">
         <name>.const:.string:font</name>
         <load_address>0x487a</load_address>
         <run_address>0x487a</run_address>
         <size>0x4fb</size>
         <input_file_ref idref="fl-2"/>
      </object_component>
      <object_component id="oc-3a8">
         <name>.const:giant_font</name>
         <load_address>0x4d76</load_address>
         <run_address>0x4d76</run_address>
         <size>0x3c0</size>
         <input_file_ref idref="fl-2"/>
      </object_component>
      <object_component id="oc-3ac">
         <name>.const:big_font</name>
         <load_address>0x5136</load_address>
         <run_address>0x5136</run_address>
         <size>0x370</size>
         <input_file_ref idref="fl-2"/>
      </object_component>
      <object_component id="oc-1af">
         <name>.const:.string</name>
         <load_address>0x54a6</load_address>
         <run_address>0x54a6</run_address>
         <size>0x20e</size>
         <input_file_ref idref="fl-6"/>
      </object_component>
      <object_component id="oc-3bf">
         <name>.const:atan_values</name>
         <load_address>0x56b4</load_address>
         <run_address>0x56b4</run_address>
         <size>0xb6</size>
         <input_file_ref idref="fl-6"/>
      </object_component>
      <object_component id="oc-3c3">
         <name>.const:.string:sin_values</name>
         <load_address>0x576a</load_address>
         <run_address>0x576a</run_address>
         <size>0x5b</size>
         <input_file_ref idref="fl-6"/>
      </object_component>
      <object_component id="oc-34c">
         <name>.const:port_to_dir</name>
         <load_address>0x57c6</load_address>
         <run_address>0x57c6</run_address>
         <size>0x8</size>
         <input_file_ref idref="fl-3"/>
      </object_component>
      <object_component id="oc-352">
         <name>.const:port_to_input</name>
         <load_address>0x57ce</load_address>
         <run_address>0x57ce</run_address>
         <size>0x8</size>
         <input_file_ref idref="fl-3"/>
      </object_component>
      <object_component id="oc-355">
         <name>.const:port_to_output</name>
         <load_address>0x57d6</load_address>
         <run_address>0x57d6</run_address>
         <size>0x8</size>
         <input_file_ref idref="fl-3"/>
      </object_component>
      <object_component id="oc-34f">
         <name>.const:port_to_ren</name>
         <load_address>0x57de</load_address>
         <run_address>0x57de</run_address>
         <size>0x8</size>
         <input_file_ref idref="fl-3"/>
      </object_component>
      <object_component id="oc-111">
         <name>.text:_isr:_Z11USCI_A0_ISRv</name>
         <load_address>0x4400</load_address>
         <run_address>0x4400</run_address>
         <size>0x326</size>
         <input_file_ref idref="fl-6"/>
      </object_component>
      <object_component id="oc-ff">
         <name>.text:_isr:_Z9PORT1_ISRv</name>
         <load_address>0x4726</load_address>
         <run_address>0x4726</run_address>
         <size>0xb2</size>
         <input_file_ref idref="fl-6"/>
      </object_component>
      <object_component id="oc-105">
         <name>.text:_isr:_Z10TIMER1_ISRv</name>
         <load_address>0x47d8</load_address>
         <run_address>0x47d8</run_address>
         <size>0x70</size>
         <input_file_ref idref="fl-6"/>
      </object_component>
      <object_component id="oc-b7">
         <name>.text:_isr:_c_int00_noargs_noexit</name>
         <load_address>0x4848</load_address>
         <run_address>0x4848</run_address>
         <size>0x1a</size>
         <input_file_ref idref="fl-6a"/>
      </object_component>
      <object_component id="oc-10b">
         <name>.text:_isr:_Z10TIMER0_ISRv</name>
         <load_address>0x4862</load_address>
         <run_address>0x4862</run_address>
         <size>0xe</size>
         <input_file_ref idref="fl-6"/>
      </object_component>
      <object_component id="oc-fa">
         <name>.text:_isr:__TI_ISR_TRAP</name>
         <load_address>0x4870</load_address>
         <run_address>0x4870</run_address>
         <size>0x6</size>
         <input_file_ref idref="fl-3e"/>
      </object_component>
      <object_component id="oc-18e">
         <name>.text:_Z11show_screenv</name>
         <load_address>0x10000</load_address>
         <run_address>0x10000</run_address>
         <size>0x1244</size>
         <input_file_ref idref="fl-6"/>
      </object_component>
      <object_component id="oc-38c">
         <name>.text:__mspabi_divull</name>
         <load_address>0x11244</load_address>
         <run_address>0x11244</run_address>
         <size>0x39a</size>
         <input_file_ref idref="fl-57"/>
      </object_component>
      <object_component id="oc-1e4">
         <name>.text:_Z9calibratev</name>
         <load_address>0x115de</load_address>
         <run_address>0x115de</run_address>
         <size>0x35c</size>
         <input_file_ref idref="fl-6"/>
      </object_component>
      <object_component id="oc-26a">
         <name>.text:_ZN16Adafruit_SSD13068writeBigEPc</name>
         <load_address>0x1193a</load_address>
         <run_address>0x1193a</run_address>
         <size>0x2ec</size>
         <input_file_ref idref="fl-2"/>
      </object_component>
      <object_component id="oc-24f">
         <name>.text:_Z5spliti</name>
         <load_address>0x11c26</load_address>
         <run_address>0x11c26</run_address>
         <size>0x2d6</size>
         <input_file_ref idref="fl-6"/>
      </object_component>
      <object_component id="oc-234">
         <name>.text:_ZN6MS580310readSensorEv</name>
         <load_address>0x11efc</load_address>
         <run_address>0x11efc</run_address>
         <size>0x21e</size>
         <input_file_ref idref="fl-4"/>
      </object_component>
      <object_component id="oc-1de">
         <name>.text:_Z4initv</name>
         <load_address>0x1211a</load_address>
         <run_address>0x1211a</run_address>
         <size>0x216</size>
         <input_file_ref idref="fl-6"/>
      </object_component>
      <object_component id="oc-2cb">
         <name>.text:_ZN16Adafruit_SSD130612fillTriangleEiiiiiij</name>
         <load_address>0x12330</load_address>
         <run_address>0x12330</run_address>
         <size>0x1c2</size>
         <input_file_ref idref="fl-2"/>
      </object_component>
      <object_component id="oc-311">
         <name>.text:_ZN16Adafruit_SSD13065beginEhh</name>
         <load_address>0x124f2</load_address>
         <run_address>0x124f2</run_address>
         <size>0x166</size>
         <input_file_ref idref="fl-2"/>
      </object_component>
      <object_component id="oc-2c5">
         <name>.text:_ZN16Adafruit_SSD13068drawCharEiihjjh</name>
         <load_address>0x12658</load_address>
         <run_address>0x12658</run_address>
         <size>0x132</size>
         <input_file_ref idref="fl-2"/>
      </object_component>
      <object_component id="oc-367">
         <name>.text:_ZN6MS580312ms5803CmdAdcEh</name>
         <load_address>0x1278a</load_address>
         <run_address>0x1278a</run_address>
         <size>0x124</size>
         <input_file_ref idref="fl-4"/>
      </object_component>
      <object_component id="oc-2bf">
         <name>.text:_ZN16Adafruit_SSD130610drawCircleEiiij</name>
         <load_address>0x128ae</load_address>
         <run_address>0x128ae</run_address>
         <size>0x10e</size>
         <input_file_ref idref="fl-2"/>
      </object_component>
      <object_component id="oc-322">
         <name>.text:_ZN6MS580314adjustAltitudeEl</name>
         <load_address>0x129bc</load_address>
         <run_address>0x129bc</run_address>
         <size>0x100</size>
         <input_file_ref idref="fl-4"/>
      </object_component>
      <object_component id="oc-39a">
         <name>.text:_ZN16Adafruit_SSD13069drawPixelEiij</name>
         <load_address>0x12abc</load_address>
         <run_address>0x12abc</run_address>
         <size>0xca</size>
         <input_file_ref idref="fl-2"/>
      </object_component>
      <object_component id="oc-283">
         <name>.text:_ZN16Adafruit_SSD130613drawGiantCharEiihjj</name>
         <load_address>0x12b86</load_address>
         <run_address>0x12b86</run_address>
         <size>0xc2</size>
         <input_file_ref idref="fl-2"/>
      </object_component>
      <object_component id="oc-335">
         <name>.text:_Z13compass_resetv</name>
         <load_address>0x12c48</load_address>
         <run_address>0x12c48</run_address>
         <size>0xb8</size>
         <input_file_ref idref="fl-6"/>
      </object_component>
      <object_component id="oc-255">
         <name>.text:_ZN16Adafruit_SSD13068drawLineEiiiij</name>
         <load_address>0x12d00</load_address>
         <run_address>0x12d00</run_address>
         <size>0xb8</size>
         <input_file_ref idref="fl-2"/>
      </object_component>
      <object_component id="oc-289">
         <name>.text:_ZN16Adafruit_SSD130611drawBigCharEiihjj</name>
         <load_address>0x12db8</load_address>
         <run_address>0x12db8</run_address>
         <size>0xb4</size>
         <input_file_ref idref="fl-2"/>
      </object_component>
      <object_component id="oc-270">
         <name>.text:_ZN16Adafruit_SSD13065writeEPc</name>
         <load_address>0x12e6c</load_address>
         <run_address>0x12e6c</run_address>
         <size>0xb4</size>
         <input_file_ref idref="fl-2"/>
      </object_component>
      <object_component id="oc-27d">
         <name>.text:_ZN16Adafruit_SSD130610writeGiantEPc</name>
         <load_address>0x12f20</load_address>
         <run_address>0x12f20</run_address>
         <size>0xac</size>
         <input_file_ref idref="fl-2"/>
      </object_component>
      <object_component id="oc-1a6">
         <name>.text:_Z11read_sensorv</name>
         <load_address>0x12fcc</load_address>
         <run_address>0x12fcc</run_address>
         <size>0x94</size>
         <input_file_ref idref="fl-6"/>
      </object_component>
      <object_component id="oc-3ee">
         <name>.text:_ZN6MS580321ms5803ReadCoefficientEh</name>
         <load_address>0x13060</load_address>
         <run_address>0x13060</run_address>
         <size>0x78</size>
         <input_file_ref idref="fl-4"/>
      </object_component>
      <object_component id="oc-2d1">
         <name>.text:_ZN16Adafruit_SSD13067displayEv</name>
         <load_address>0x130d8</load_address>
         <run_address>0x130d8</run_address>
         <size>0x72</size>
         <input_file_ref idref="fl-2"/>
      </object_component>
      <object_component id="oc-3f4">
         <name>.text:_ZN6MS580310ms5803CRC4EPj</name>
         <load_address>0x1314a</load_address>
         <run_address>0x1314a</run_address>
         <size>0x6e</size>
         <input_file_ref idref="fl-4"/>
      </object_component>
      <object_component id="oc-124">
         <name>.text:_auto_init_hold_wdt</name>
         <load_address>0x131b8</load_address>
         <run_address>0x131b8</run_address>
         <size>0x6c</size>
         <input_file_ref idref="fl-69"/>
      </object_component>
      <object_component id="oc-ed">
         <name>.text:__TI_decompress_rle_core</name>
         <load_address>0x13224</load_address>
         <run_address>0x13224</run_address>
         <size>0x68</size>
         <input_file_ref idref="fl-3c"/>
      </object_component>
      <object_component id="oc-1f8">
         <name>.text:_ZN10FXOS8700CQC1Ehhh</name>
         <load_address>0x1328c</load_address>
         <run_address>0x1328c</run_address>
         <size>0x66</size>
         <input_file_ref idref="fl-3"/>
      </object_component>
      <object_component id="oc-3b0">
         <name>.text:_ZN10FXOS8700CQ8readRegsEhhPh</name>
         <load_address>0x132f2</load_address>
         <run_address>0x132f2</run_address>
         <size>0x64</size>
         <input_file_ref idref="fl-3"/>
      </object_component>
      <object_component id="oc-2b2">
         <name>.text:_Z3sini</name>
         <load_address>0x13356</load_address>
         <run_address>0x13356</run_address>
         <size>0x60</size>
         <input_file_ref idref="fl-6"/>
      </object_component>
      <object_component id="oc-32e">
         <name>.text:_ZN10FXOS8700CQ4initEv</name>
         <load_address>0x133b6</load_address>
         <run_address>0x133b6</run_address>
         <size>0x5e</size>
         <input_file_ref idref="fl-3"/>
      </object_component>
      <object_component id="oc-387">
         <name>.text:__mpyll</name>
         <load_address>0x13414</load_address>
         <run_address>0x13414</run_address>
         <size>0x5a</size>
         <input_file_ref idref="fl-5d"/>
      </object_component>
      <object_component id="oc-3b9">
         <name>.text</name>
         <load_address>0x1346e</load_address>
         <run_address>0x1346e</run_address>
         <size>0x58</size>
         <input_file_ref idref="fl-56"/>
      </object_component>
      <object_component id="oc-290">
         <name>.text:_ZN10FXOS8700CQ13readAccelDataEv</name>
         <load_address>0x134c6</load_address>
         <run_address>0x134c6</run_address>
         <size>0x56</size>
         <input_file_ref idref="fl-3"/>
      </object_component>
      <object_component id="oc-182">
         <name>.text:_Z12check_buttonv</name>
         <load_address>0x1351c</load_address>
         <run_address>0x1351c</run_address>
         <size>0x52</size>
         <input_file_ref idref="fl-6"/>
      </object_component>
      <object_component id="oc-296">
         <name>.text:_ZN10FXOS8700CQ11readMagDataEv</name>
         <load_address>0x1356e</load_address>
         <run_address>0x1356e</run_address>
         <size>0x52</size>
         <input_file_ref idref="fl-3"/>
      </object_component>
      <object_component id="oc-223">
         <name>.text:_ZN10FXOS8700CQ7readRegEh</name>
         <load_address>0x135c0</load_address>
         <run_address>0x135c0</run_address>
         <size>0x50</size>
         <input_file_ref idref="fl-3"/>
      </object_component>
      <object_component id="oc-2ac">
         <name>.text:_Z4atanl</name>
         <load_address>0x13610</load_address>
         <run_address>0x13610</run_address>
         <size>0x4c</size>
         <input_file_ref idref="fl-6"/>
      </object_component>
      <object_component id="oc-328">
         <name>.text:_ZN6MS580316initializeSensorEv</name>
         <load_address>0x1365c</load_address>
         <run_address>0x1365c</run_address>
         <size>0x40</size>
         <input_file_ref idref="fl-4"/>
      </object_component>
      <object_component id="oc-2a7">
         <name>.text</name>
         <load_address>0x1369c</load_address>
         <run_address>0x1369c</run_address>
         <size>0x40</size>
         <input_file_ref idref="fl-54"/>
      </object_component>
      <object_component id="oc-371">
         <name>.text:l_lsl_const</name>
         <load_address>0x136dc</load_address>
         <run_address>0x136dc</run_address>
         <size>0x3e</size>
         <input_file_ref idref="fl-63"/>
      </object_component>
      <object_component id="oc-376">
         <name>.text:__mspabi_sllll</name>
         <load_address>0x1371a</load_address>
         <run_address>0x1371a</run_address>
         <size>0x3a</size>
         <input_file_ref idref="fl-64"/>
      </object_component>
      <object_component id="oc-381">
         <name>.text:__mspabi_srlll</name>
         <load_address>0x13754</load_address>
         <run_address>0x13754</run_address>
         <size>0x3a</size>
         <input_file_ref idref="fl-66"/>
      </object_component>
      <object_component id="oc-2da">
         <name>.text:_ZN16Adafruit_SSD130615ssd1306_commandEh</name>
         <load_address>0x1378e</load_address>
         <run_address>0x1378e</run_address>
         <size>0x38</size>
         <input_file_ref idref="fl-2"/>
      </object_component>
      <object_component id="oc-3cc">
         <name>.text:_ZN16Adafruit_SSD13068fillRectEiiiij</name>
         <load_address>0x137c6</load_address>
         <run_address>0x137c6</run_address>
         <size>0x38</size>
         <input_file_ref idref="fl-2"/>
      </object_component>
      <object_component id="oc-22d">
         <name>.text:_ZN10FXOS8700CQ8writeRegEhh</name>
         <load_address>0x137fe</load_address>
         <run_address>0x137fe</run_address>
         <size>0x36</size>
         <input_file_ref idref="fl-3"/>
      </object_component>
      <object_component id="oc-1ec">
         <name>.text:_ZN16Adafruit_SSD1306C1Eii</name>
         <load_address>0x13834</load_address>
         <run_address>0x13834</run_address>
         <size>0x36</size>
         <input_file_ref idref="fl-2"/>
      </object_component>
      <object_component id="oc-3e8">
         <name>.text:_ZN6MS580311resetSensorEv</name>
         <load_address>0x1386a</load_address>
         <run_address>0x1386a</run_address>
         <size>0x36</size>
         <input_file_ref idref="fl-4"/>
      </object_component>
      <object_component id="oc-2b8">
         <name>.text:_Z3cosi</name>
         <load_address>0x138a0</load_address>
         <run_address>0x138a0</run_address>
         <size>0x34</size>
         <input_file_ref idref="fl-6"/>
      </object_component>
      <object_component id="oc-1b0">
         <name>.text:_Z8sendDataPc</name>
         <load_address>0x138d4</load_address>
         <run_address>0x138d4</run_address>
         <size>0x34</size>
         <input_file_ref idref="fl-6"/>
      </object_component>
      <object_component id="oc-152">
         <name>.text:__sti___8_main_cpp_display</name>
         <load_address>0x13908</load_address>
         <run_address>0x13908</run_address>
         <size>0x2e</size>
         <input_file_ref idref="fl-6"/>
      </object_component>
      <object_component id="oc-249">
         <name>.text</name>
         <load_address>0x13936</load_address>
         <run_address>0x13936</run_address>
         <size>0x2c</size>
         <input_file_ref idref="fl-53"/>
      </object_component>
      <object_component id="oc-37c">
         <name>.text:__mpysll</name>
         <load_address>0x13962</load_address>
         <run_address>0x13962</run_address>
         <size>0x2a</size>
         <input_file_ref idref="fl-60"/>
      </object_component>
      <object_component id="oc-99">
         <name>.text:decompress:ZI:__TI_zero_init</name>
         <load_address>0x1398c</load_address>
         <run_address>0x1398c</run_address>
         <size>0x24</size>
         <input_file_ref idref="fl-52"/>
      </object_component>
      <object_component id="oc-2a2">
         <name>.text</name>
         <load_address>0x139b0</load_address>
         <run_address>0x139b0</run_address>
         <size>0x22</size>
         <input_file_ref idref="fl-5b"/>
      </object_component>
      <object_component id="oc-3fc">
         <name>.text:_ZN10FXOS8700CQ12reset_offsetEv</name>
         <load_address>0x139d2</load_address>
         <run_address>0x139d2</run_address>
         <size>0x20</size>
         <input_file_ref idref="fl-3"/>
      </object_component>
      <object_component id="oc-179">
         <name>.text:_ZN10FXOS8700CQ6activeEv</name>
         <load_address>0x139f2</load_address>
         <run_address>0x139f2</run_address>
         <size>0x20</size>
         <input_file_ref idref="fl-3"/>
      </object_component>
      <object_component id="oc-19e">
         <name>.text:_ZN10FXOS8700CQ7standbyEv</name>
         <load_address>0x13a12</load_address>
         <run_address>0x13a12</run_address>
         <size>0x20</size>
         <input_file_ref idref="fl-3"/>
      </object_component>
      <object_component id="oc-444">
         <name>.text:_ZN16Adafruit_SSD130613drawFastVLineEiiij</name>
         <load_address>0x13a32</load_address>
         <run_address>0x13a32</run_address>
         <size>0x20</size>
         <input_file_ref idref="fl-2"/>
      </object_component>
      <object_component id="oc-13e">
         <name>.text:main</name>
         <load_address>0x13a52</load_address>
         <run_address>0x13a52</run_address>
         <size>0x20</size>
         <input_file_ref idref="fl-6"/>
      </object_component>
      <object_component id="oc-3d3">
         <name>.text:_ZN16Adafruit_SSD130613drawFastHLineEiiij</name>
         <load_address>0x13a72</load_address>
         <run_address>0x13a72</run_address>
         <size>0x1e</size>
         <input_file_ref idref="fl-2"/>
      </object_component>
      <object_component id="oc-198">
         <name>.text:_ZN16Adafruit_SSD13065sleepEh</name>
         <load_address>0x13a90</load_address>
         <run_address>0x13a90</run_address>
         <size>0x18</size>
         <input_file_ref idref="fl-2"/>
      </object_component>
      <object_component id="oc-23d">
         <name>.text:_ZN16Adafruit_SSD130612clearDisplayEv</name>
         <load_address>0x13aa8</load_address>
         <run_address>0x13aa8</run_address>
         <size>0x16</size>
         <input_file_ref idref="fl-2"/>
      </object_component>
      <object_component id="oc-243">
         <name>.text</name>
         <load_address>0x13abe</load_address>
         <run_address>0x13abe</run_address>
         <size>0x16</size>
         <input_file_ref idref="fl-55"/>
      </object_component>
      <object_component id="oc-1b6">
         <name>.text</name>
         <load_address>0x13ad4</load_address>
         <run_address>0x13ad4</run_address>
         <size>0x16</size>
         <input_file_ref idref="fl-59"/>
      </object_component>
      <object_component id="oc-e0">
         <name>.text:memcpy</name>
         <load_address>0x13aea</load_address>
         <run_address>0x13aea</run_address>
         <size>0x14</size>
         <input_file_ref idref="fl-71"/>
      </object_component>
      <object_component id="oc-75">
         <name>.text:decompress:none:__TI_decompress_none</name>
         <load_address>0x13afe</load_address>
         <run_address>0x13afe</run_address>
         <size>0x12</size>
         <input_file_ref idref="fl-3b"/>
      </object_component>
      <object_component id="oc-41c">
         <name>.text:l_lsr</name>
         <load_address>0x13b10</load_address>
         <run_address>0x13b10</run_address>
         <size>0x10</size>
         <input_file_ref idref="fl-65"/>
      </object_component>
      <object_component id="oc-2e5">
         <name>.text:strlen</name>
         <load_address>0x13b20</load_address>
         <run_address>0x13b20</run_address>
         <size>0xe</size>
         <input_file_ref idref="fl-72"/>
      </object_component>
      <object_component id="oc-25b">
         <name>.text:_ZN16Adafruit_SSD130611setTextSizeEh</name>
         <load_address>0x13b2e</load_address>
         <run_address>0x13b2e</run_address>
         <size>0xc</size>
         <input_file_ref idref="fl-2"/>
      </object_component>
      <object_component id="oc-317">
         <name>.text:_ZN16Adafruit_SSD130612setTextColorEj</name>
         <load_address>0x13b3a</load_address>
         <run_address>0x13b3a</run_address>
         <size>0xc</size>
         <input_file_ref idref="fl-2"/>
      </object_component>
      <object_component id="oc-261">
         <name>.text:_ZN16Adafruit_SSD13069setCursorEii</name>
         <load_address>0x13b46</load_address>
         <run_address>0x13b46</run_address>
         <size>0xa</size>
         <input_file_ref idref="fl-2"/>
      </object_component>
      <object_component id="oc-1f2">
         <name>.text:_ZN6MS5803C1Ev</name>
         <load_address>0x13b50</load_address>
         <run_address>0x13b50</run_address>
         <size>0xa</size>
         <input_file_ref idref="fl-4"/>
      </object_component>
      <object_component id="oc-33b">
         <name>.text:abs</name>
         <load_address>0x13b5a</load_address>
         <run_address>0x13b5a</run_address>
         <size>0xa</size>
         <input_file_ref idref="fl-70"/>
      </object_component>
      <object_component id="oc-347">
         <name>.text</name>
         <load_address>0x13b64</load_address>
         <run_address>0x13b64</run_address>
         <size>0xa</size>
         <input_file_ref idref="fl-62"/>
      </object_component>
      <object_component id="oc-431">
         <name>.text:_ZN16Adafruit_SSD130611getRotationEv</name>
         <load_address>0x13b6e</load_address>
         <run_address>0x13b6e</run_address>
         <size>0x6</size>
         <input_file_ref idref="fl-2"/>
      </object_component>
      <object_component id="oc-425">
         <name>.text:_ZN16Adafruit_SSD13065widthEv</name>
         <load_address>0x13b74</load_address>
         <run_address>0x13b74</run_address>
         <size>0x6</size>
         <input_file_ref idref="fl-2"/>
      </object_component>
      <object_component id="oc-42b">
         <name>.text:_ZN16Adafruit_SSD13066heightEv</name>
         <load_address>0x13b7a</load_address>
         <run_address>0x13b7a</run_address>
         <size>0x6</size>
         <input_file_ref idref="fl-2"/>
      </object_component>
      <object_component id="oc-7b">
         <name>.text:decompress:rle24:__TI_decompress_rle24</name>
         <load_address>0x13b80</load_address>
         <run_address>0x13b80</run_address>
         <size>0x6</size>
         <input_file_ref idref="fl-3c"/>
      </object_component>
      <object_component id="oc-11e">
         <name>.text:_system_pre_init</name>
         <load_address>0x13b86</load_address>
         <run_address>0x13b86</run_address>
         <size>0x4</size>
         <input_file_ref idref="fl-6c"/>
      </object_component>
      <object_component id="oc-146">
         <name>.text:abort</name>
         <load_address>0x13b8a</load_address>
         <run_address>0x13b8a</run_address>
         <size>0x4</size>
         <input_file_ref idref="fl-6d"/>
      </object_component>
      <object_component id="oc-176">
         <name>.bss</name>
         <uninitialized>true</uninitialized>
         <run_address>0x1c00</run_address>
         <size>0x44</size>
         <input_file_ref idref="fl-6"/>
      </object_component>
      <object_component id="oc-229">
         <name>.common:c</name>
         <uninitialized>true</uninitialized>
         <run_address>0x1ca1</run_address>
         <size>0x1</size>
      </object_component>
      <object_component id="oc-370">
         <name>.common:sensorCoefficients</name>
         <uninitialized>true</uninitialized>
         <run_address>0x1c58</run_address>
         <size>0x10</size>
      </object_component>
      <object_component id="oc-276">
         <name>.common:i</name>
         <uninitialized>true</uninitialized>
         <run_address>0x1c7c</run_address>
         <size>0x2</size>
      </object_component>
      <object_component id="oc-23a">
         <name>.common:temperature</name>
         <uninitialized>true</uninitialized>
         <run_address>0x1c8e</run_address>
         <size>0x2</size>
      </object_component>
      <object_component id="oc-23b">
         <name>.common:pressure</name>
         <uninitialized>true</uninitialized>
         <run_address>0x1c86</run_address>
         <size>0x2</size>
      </object_component>
      <object_component id="oc-277">
         <name>.common:temp_min</name>
         <uninitialized>true</uninitialized>
         <run_address>0x1c8c</run_address>
         <size>0x2</size>
      </object_component>
      <object_component id="oc-278">
         <name>.common:temp_max</name>
         <uninitialized>true</uninitialized>
         <run_address>0x1c8a</run_address>
         <size>0x2</size>
      </object_component>
      <object_component id="oc-279">
         <name>.common:pres_min</name>
         <uninitialized>true</uninitialized>
         <run_address>0x1c84</run_address>
         <size>0x2</size>
      </object_component>
      <object_component id="oc-27a">
         <name>.common:pres_max</name>
         <uninitialized>true</uninitialized>
         <run_address>0x1c82</run_address>
         <size>0x2</size>
      </object_component>
      <object_component id="oc-28f">
         <name>.common:altitude</name>
         <uninitialized>true</uninitialized>
         <run_address>0x1c6c</run_address>
         <size>0x4</size>
      </object_component>
      <object_component id="oc-24e">
         <name>.common:temp</name>
         <uninitialized>true</uninitialized>
         <run_address>0x1c88</run_address>
         <size>0x2</size>
      </object_component>
      <object_component id="oc-248">
         <name>.common:pres</name>
         <uninitialized>true</uninitialized>
         <run_address>0x1c80</run_address>
         <size>0x2</size>
      </object_component>
      <object_component id="oc-180">
         <name>.common:units</name>
         <uninitialized>true</uninitialized>
         <run_address>0x1ca7</run_address>
         <size>0x1</size>
      </object_component>
      <object_component id="oc-175">
         <name>.common:screen</name>
         <uninitialized>true</uninitialized>
         <run_address>0x1ca5</run_address>
         <size>0x1</size>
      </object_component>
      <object_component id="oc-31e">
         <name>.common:x_offset</name>
         <uninitialized>true</uninitialized>
         <run_address>0x1c96</run_address>
         <size>0x2</size>
      </object_component>
      <object_component id="oc-31f">
         <name>.common:y_offset</name>
         <uninitialized>true</uninitialized>
         <run_address>0x1c9a</run_address>
         <size>0x2</size>
      </object_component>
      <object_component id="oc-320">
         <name>.common:z_offset</name>
         <uninitialized>true</uninitialized>
         <run_address>0x1c9e</run_address>
         <size>0x2</size>
      </object_component>
      <object_component id="oc-321">
         <name>.common:ref_pressure</name>
         <uninitialized>true</uninitialized>
         <run_address>0x1c70</run_address>
         <size>0x4</size>
      </object_component>
      <object_component id="oc-27b">
         <name>.common:voltage</name>
         <uninitialized>true</uninitialized>
         <run_address>0x1c92</run_address>
         <size>0x2</size>
      </object_component>
      <object_component id="oc-197">
         <name>.common:measured</name>
         <uninitialized>true</uninitialized>
         <run_address>0x1ca4</run_address>
         <size>0x1</size>
      </object_component>
      <object_component id="oc-27c">
         <name>.common:line_lenght</name>
         <uninitialized>true</uninitialized>
         <run_address>0x1c7e</run_address>
         <size>0x2</size>
      </object_component>
      <object_component id="oc-2be">
         <name>.common:direction</name>
         <uninitialized>true</uninitialized>
         <run_address>0x1c7a</run_address>
         <size>0x2</size>
      </object_component>
      <object_component id="oc-171">
         <name>.common:calibration</name>
         <uninitialized>true</uninitialized>
         <run_address>0x1ca3</run_address>
         <size>0x1</size>
      </object_component>
      <object_component id="oc-1a4">
         <name>.common:cal_pause</name>
         <uninitialized>true</uninitialized>
         <run_address>0x1ca2</run_address>
         <size>0x1</size>
      </object_component>
      <object_component id="oc-17f">
         <name>.common:skip</name>
         <uninitialized>true</uninitialized>
         <run_address>0x1ca6</run_address>
         <size>0x1</size>
      </object_component>
      <object_component id="oc-181">
         <name>.common:tick</name>
         <uninitialized>true</uninitialized>
         <run_address>0x1c90</run_address>
         <size>0x2</size>
      </object_component>
      <object_component id="oc-29c">
         <name>.common:x</name>
         <uninitialized>true</uninitialized>
         <run_address>0x1c94</run_address>
         <size>0x2</size>
      </object_component>
      <object_component id="oc-29d">
         <name>.common:y</name>
         <uninitialized>true</uninitialized>
         <run_address>0x1c98</run_address>
         <size>0x2</size>
      </object_component>
      <object_component id="oc-29e">
         <name>.common:z</name>
         <uninitialized>true</uninitialized>
         <run_address>0x1c9c</run_address>
         <size>0x2</size>
      </object_component>
      <object_component id="oc-29f">
         <name>.common:ax</name>
         <uninitialized>true</uninitialized>
         <run_address>0x1c74</run_address>
         <size>0x2</size>
      </object_component>
      <object_component id="oc-2a0">
         <name>.common:ay</name>
         <uninitialized>true</uninitialized>
         <run_address>0x1c76</run_address>
         <size>0x2</size>
      </object_component>
      <object_component id="oc-2a1">
         <name>.common:az</name>
         <uninitialized>true</uninitialized>
         <run_address>0x1c78</run_address>
         <size>0x2</size>
      </object_component>
      <object_component id="oc-31d">
         <name>.common:FRAM_write_ptr</name>
         <uninitialized>true</uninitialized>
         <run_address>0x1c68</run_address>
         <size>0x4</size>
      </object_component>
      <object_component id="oc-1ad">
         <name>.common:bytes_received</name>
         <uninitialized>true</uninitialized>
         <run_address>0x1ca0</run_address>
         <size>0x1</size>
      </object_component>
      <object_component id="oc-1ae">
         <name>.common:rx_buffer</name>
         <uninitialized>true</uninitialized>
         <run_address>0x1c44</run_address>
         <size>0x14</size>
      </object_component>
      <object_component id="oc-1bb">
         <name>.common:values_transmitted</name>
         <uninitialized>true</uninitialized>
         <run_address>0x1ca8</run_address>
         <size>0x1</size>
      </object_component>
      <object_component id="oc-36d">
         <name>.data</name>
         <load_address>0x1caa</load_address>
         <run_address>0x1caa</run_address>
         <size>0x1c</size>
         <input_file_ref idref="fl-4"/>
      </object_component>
      <object_component id="oc-267">
         <name>.data:str</name>
         <load_address>0x1cc6</load_address>
         <run_address>0x1cc6</run_address>
         <size>0x7</size>
         <input_file_ref idref="fl-6"/>
      </object_component>
      <object_component id="oc-dc">
         <name>.stack</name>
         <uninitialized>true</uninitialized>
         <run_address>0x2360</run_address>
         <size>0x4</size>
         <input_file_ref idref="fl-67"/>
      </object_component>
      <object_component id="oc-4c4">
         <name>.stack</name>
         <uninitialized>true</uninitialized>
         <run_address>0x2360</run_address>
         <size>0x0</size>
      </object_component>
      <object_component id="oc-81">
         <name>.int31</name>
         <load_address>0xffce</load_address>
         <run_address>0xffce</run_address>
         <size>0x2</size>
         <input_file_ref idref="fl-3d"/>
      </object_component>
      <object_component id="oc-82">
         <name>.int32</name>
         <load_address>0xffd0</load_address>
         <run_address>0xffd0</run_address>
         <size>0x2</size>
         <input_file_ref idref="fl-3f"/>
      </object_component>
      <object_component id="oc-83">
         <name>.int33</name>
         <load_address>0xffd2</load_address>
         <run_address>0xffd2</run_address>
         <size>0x2</size>
         <input_file_ref idref="fl-40"/>
      </object_component>
      <object_component id="oc-84">
         <name>.int34</name>
         <load_address>0xffd4</load_address>
         <run_address>0xffd4</run_address>
         <size>0x2</size>
         <input_file_ref idref="fl-41"/>
      </object_component>
      <object_component id="oc-85">
         <name>.int35</name>
         <load_address>0xffd6</load_address>
         <run_address>0xffd6</run_address>
         <size>0x2</size>
         <input_file_ref idref="fl-42"/>
      </object_component>
      <object_component id="oc-86">
         <name>.int36</name>
         <load_address>0xffd8</load_address>
         <run_address>0xffd8</run_address>
         <size>0x2</size>
         <input_file_ref idref="fl-43"/>
      </object_component>
      <object_component id="oc-87">
         <name>.int37</name>
         <load_address>0xffda</load_address>
         <run_address>0xffda</run_address>
         <size>0x2</size>
         <input_file_ref idref="fl-44"/>
      </object_component>
      <object_component id="oc-88">
         <name>.int38</name>
         <load_address>0xffdc</load_address>
         <run_address>0xffdc</run_address>
         <size>0x2</size>
         <input_file_ref idref="fl-45"/>
      </object_component>
      <object_component id="oc-89">
         <name>.int39</name>
         <load_address>0xffde</load_address>
         <run_address>0xffde</run_address>
         <size>0x2</size>
         <input_file_ref idref="fl-6"/>
      </object_component>
      <object_component id="oc-8a">
         <name>.int40</name>
         <load_address>0xffe0</load_address>
         <run_address>0xffe0</run_address>
         <size>0x2</size>
         <input_file_ref idref="fl-6"/>
      </object_component>
      <object_component id="oc-8b">
         <name>.int41</name>
         <load_address>0xffe2</load_address>
         <run_address>0xffe2</run_address>
         <size>0x2</size>
         <input_file_ref idref="fl-46"/>
      </object_component>
      <object_component id="oc-8c">
         <name>.int42</name>
         <load_address>0xffe4</load_address>
         <run_address>0xffe4</run_address>
         <size>0x2</size>
         <input_file_ref idref="fl-47"/>
      </object_component>
      <object_component id="oc-8d">
         <name>.int43</name>
         <load_address>0xffe6</load_address>
         <run_address>0xffe6</run_address>
         <size>0x2</size>
         <input_file_ref idref="fl-48"/>
      </object_component>
      <object_component id="oc-8e">
         <name>.int44</name>
         <load_address>0xffe8</load_address>
         <run_address>0xffe8</run_address>
         <size>0x2</size>
         <input_file_ref idref="fl-6"/>
      </object_component>
      <object_component id="oc-8f">
         <name>.int45</name>
         <load_address>0xffea</load_address>
         <run_address>0xffea</run_address>
         <size>0x2</size>
         <input_file_ref idref="fl-49"/>
      </object_component>
      <object_component id="oc-90">
         <name>.int46</name>
         <load_address>0xffec</load_address>
         <run_address>0xffec</run_address>
         <size>0x2</size>
         <input_file_ref idref="fl-4a"/>
      </object_component>
      <object_component id="oc-91">
         <name>.int47</name>
         <load_address>0xffee</load_address>
         <run_address>0xffee</run_address>
         <size>0x2</size>
         <input_file_ref idref="fl-4b"/>
      </object_component>
      <object_component id="oc-92">
         <name>.int48</name>
         <load_address>0xfff0</load_address>
         <run_address>0xfff0</run_address>
         <size>0x2</size>
         <input_file_ref idref="fl-6"/>
      </object_component>
      <object_component id="oc-93">
         <name>.int49</name>
         <load_address>0xfff2</load_address>
         <run_address>0xfff2</run_address>
         <size>0x2</size>
         <input_file_ref idref="fl-4c"/>
      </object_component>
      <object_component id="oc-94">
         <name>.int50</name>
         <load_address>0xfff4</load_address>
         <run_address>0xfff4</run_address>
         <size>0x2</size>
         <input_file_ref idref="fl-4d"/>
      </object_component>
      <object_component id="oc-95">
         <name>.int51</name>
         <load_address>0xfff6</load_address>
         <run_address>0xfff6</run_address>
         <size>0x2</size>
         <input_file_ref idref="fl-4e"/>
      </object_component>
      <object_component id="oc-96">
         <name>.int52</name>
         <load_address>0xfff8</load_address>
         <run_address>0xfff8</run_address>
         <size>0x2</size>
         <input_file_ref idref="fl-4f"/>
      </object_component>
      <object_component id="oc-97">
         <name>.int53</name>
         <load_address>0xfffa</load_address>
         <run_address>0xfffa</run_address>
         <size>0x2</size>
         <input_file_ref idref="fl-50"/>
      </object_component>
      <object_component id="oc-98">
         <name>.int54</name>
         <load_address>0xfffc</load_address>
         <run_address>0xfffc</run_address>
         <size>0x2</size>
         <input_file_ref idref="fl-51"/>
      </object_component>
      <object_component id="oc-df">
         <name>.reset</name>
         <load_address>0xfffe</load_address>
         <run_address>0xfffe</run_address>
         <size>0x2</size>
         <input_file_ref idref="fl-67"/>
      </object_component>
      <object_component id="oc-1bf">
         <name>.fram_pressure</name>
         <uninitialized>true</uninitialized>
         <run_address>0xe500</run_address>
         <size>0xb40</size>
         <input_file_ref idref="fl-6"/>
      </object_component>
      <object_component id="oc-1bc">
         <name>.fram_temperature</name>
         <uninitialized>true</uninitialized>
         <run_address>0xf040</run_address>
         <size>0xb40</size>
         <input_file_ref idref="fl-6"/>
      </object_component>
      <object_component id="oc-393">
         <name>.fram_display</name>
         <uninitialized>true</uninitialized>
         <run_address>0xfb80</run_address>
         <size>0x400</size>
         <input_file_ref idref="fl-2"/>
      </object_component>
      <object_component id="oc-194">
         <name>.fram_vars</name>
         <uninitialized>true</uninitialized>
         <run_address>0xe400</run_address>
         <size>0x6</size>
         <input_file_ref idref="fl-6"/>
      </object_component>
      <object_component id="oc-2e1">
         <name>.debug_info</name>
         <load_address>0x0</load_address>
         <run_address>0x0</run_address>
         <size>0x585</size>
         <input_file_ref idref="fl-2"/>
      </object_component>
      <object_component id="oc-3ca">
         <name>.debug_info</name>
         <load_address>0x585</load_address>
         <run_address>0x585</run_address>
         <size>0xc3</size>
         <input_file_ref idref="fl-2"/>
      </object_component>
      <object_component id="oc-3ad">
         <name>.debug_info</name>
         <load_address>0x648</load_address>
         <run_address>0x648</run_address>
         <size>0xcc</size>
         <input_file_ref idref="fl-2"/>
      </object_component>
      <object_component id="oc-3a9">
         <name>.debug_info</name>
         <load_address>0x714</load_address>
         <run_address>0x714</run_address>
         <size>0xd0</size>
         <input_file_ref idref="fl-2"/>
      </object_component>
      <object_component id="oc-394">
         <name>.debug_info</name>
         <load_address>0x7e4</load_address>
         <run_address>0x7e4</run_address>
         <size>0xc8</size>
         <input_file_ref idref="fl-2"/>
      </object_component>
      <object_component id="oc-1ed">
         <name>.debug_info</name>
         <load_address>0x8ac</load_address>
         <run_address>0x8ac</run_address>
         <size>0x17d</size>
         <input_file_ref idref="fl-2"/>
      </object_component>
      <object_component id="oc-312">
         <name>.debug_info</name>
         <load_address>0xa29</load_address>
         <run_address>0xa29</run_address>
         <size>0x688</size>
         <input_file_ref idref="fl-2"/>
      </object_component>
      <object_component id="oc-2db">
         <name>.debug_info</name>
         <load_address>0x10b1</load_address>
         <run_address>0x10b1</run_address>
         <size>0x18b</size>
         <input_file_ref idref="fl-2"/>
      </object_component>
      <object_component id="oc-23e">
         <name>.debug_info</name>
         <load_address>0x123c</load_address>
         <run_address>0x123c</run_address>
         <size>0x164</size>
         <input_file_ref idref="fl-2"/>
      </object_component>
      <object_component id="oc-199">
         <name>.debug_info</name>
         <load_address>0x13a0</load_address>
         <run_address>0x13a0</run_address>
         <size>0x1ac</size>
         <input_file_ref idref="fl-2"/>
      </object_component>
      <object_component id="oc-2d2">
         <name>.debug_info</name>
         <load_address>0x154c</load_address>
         <run_address>0x154c</run_address>
         <size>0x202</size>
         <input_file_ref idref="fl-2"/>
      </object_component>
      <object_component id="oc-426">
         <name>.debug_info</name>
         <load_address>0x174e</load_address>
         <run_address>0x174e</run_address>
         <size>0x149</size>
         <input_file_ref idref="fl-2"/>
      </object_component>
      <object_component id="oc-42c">
         <name>.debug_info</name>
         <load_address>0x1897</load_address>
         <run_address>0x1897</run_address>
         <size>0x14b</size>
         <input_file_ref idref="fl-2"/>
      </object_component>
      <object_component id="oc-432">
         <name>.debug_info</name>
         <load_address>0x19e2</load_address>
         <run_address>0x19e2</run_address>
         <size>0x156</size>
         <input_file_ref idref="fl-2"/>
      </object_component>
      <object_component id="oc-262">
         <name>.debug_info</name>
         <load_address>0x1b38</load_address>
         <run_address>0x1b38</run_address>
         <size>0x17e</size>
         <input_file_ref idref="fl-2"/>
      </object_component>
      <object_component id="oc-318">
         <name>.debug_info</name>
         <load_address>0x1cb6</load_address>
         <run_address>0x1cb6</run_address>
         <size>0x16e</size>
         <input_file_ref idref="fl-2"/>
      </object_component>
      <object_component id="oc-25c">
         <name>.debug_info</name>
         <load_address>0x1e24</load_address>
         <run_address>0x1e24</run_address>
         <size>0x16c</size>
         <input_file_ref idref="fl-2"/>
      </object_component>
      <object_component id="oc-39b">
         <name>.debug_info</name>
         <load_address>0x1f90</load_address>
         <run_address>0x1f90</run_address>
         <size>0x27f</size>
         <input_file_ref idref="fl-2"/>
      </object_component>
      <object_component id="oc-256">
         <name>.debug_info</name>
         <load_address>0x220f</load_address>
         <run_address>0x220f</run_address>
         <size>0x2e8</size>
         <input_file_ref idref="fl-2"/>
      </object_component>
      <object_component id="oc-3cd">
         <name>.debug_info</name>
         <load_address>0x24f7</load_address>
         <run_address>0x24f7</run_address>
         <size>0x211</size>
         <input_file_ref idref="fl-2"/>
      </object_component>
      <object_component id="oc-445">
         <name>.debug_info</name>
         <load_address>0x2708</load_address>
         <run_address>0x2708</run_address>
         <size>0x1d8</size>
         <input_file_ref idref="fl-2"/>
      </object_component>
      <object_component id="oc-3d4">
         <name>.debug_info</name>
         <load_address>0x28e0</load_address>
         <run_address>0x28e0</run_address>
         <size>0x1d8</size>
         <input_file_ref idref="fl-2"/>
      </object_component>
      <object_component id="oc-271">
         <name>.debug_info</name>
         <load_address>0x2ab8</load_address>
         <run_address>0x2ab8</run_address>
         <size>0x1cf</size>
         <input_file_ref idref="fl-2"/>
      </object_component>
      <object_component id="oc-26b">
         <name>.debug_info</name>
         <load_address>0x2c87</load_address>
         <run_address>0x2c87</run_address>
         <size>0x1c3</size>
         <input_file_ref idref="fl-2"/>
      </object_component>
      <object_component id="oc-27e">
         <name>.debug_info</name>
         <load_address>0x2e4a</load_address>
         <run_address>0x2e4a</run_address>
         <size>0x1ca</size>
         <input_file_ref idref="fl-2"/>
      </object_component>
      <object_component id="oc-2c6">
         <name>.debug_info</name>
         <load_address>0x3014</load_address>
         <run_address>0x3014</run_address>
         <size>0x336</size>
         <input_file_ref idref="fl-2"/>
      </object_component>
      <object_component id="oc-28a">
         <name>.debug_info</name>
         <load_address>0x334a</load_address>
         <run_address>0x334a</run_address>
         <size>0x272</size>
         <input_file_ref idref="fl-2"/>
      </object_component>
      <object_component id="oc-284">
         <name>.debug_info</name>
         <load_address>0x35bc</load_address>
         <run_address>0x35bc</run_address>
         <size>0x27c</size>
         <input_file_ref idref="fl-2"/>
      </object_component>
      <object_component id="oc-2c0">
         <name>.debug_info</name>
         <load_address>0x3838</load_address>
         <run_address>0x3838</run_address>
         <size>0x40c</size>
         <input_file_ref idref="fl-2"/>
      </object_component>
      <object_component id="oc-2cc">
         <name>.debug_info</name>
         <load_address>0x3c44</load_address>
         <run_address>0x3c44</run_address>
         <size>0x445</size>
         <input_file_ref idref="fl-2"/>
      </object_component>
      <object_component id="oc-208">
         <name>.debug_info</name>
         <load_address>0x4089</load_address>
         <run_address>0x4089</run_address>
         <size>0x6a1</size>
         <input_file_ref idref="fl-2"/>
      </object_component>
      <object_component id="oc-15a">
         <name>.debug_info</name>
         <load_address>0x472a</load_address>
         <run_address>0x472a</run_address>
         <size>0x84</size>
         <input_file_ref idref="fl-2"/>
      </object_component>
      <object_component id="oc-203">
         <name>.debug_info</name>
         <load_address>0x47ae</load_address>
         <run_address>0x47ae</run_address>
         <size>0x15a</size>
         <input_file_ref idref="fl-2"/>
      </object_component>
      <object_component id="oc-189">
         <name>.debug_info</name>
         <load_address>0x4908</load_address>
         <run_address>0x4908</run_address>
         <size>0x18b</size>
         <input_file_ref idref="fl-2"/>
      </object_component>
      <object_component id="oc-22a">
         <name>.debug_info</name>
         <load_address>0x4a93</load_address>
         <run_address>0x4a93</run_address>
         <size>0x597</size>
         <input_file_ref idref="fl-3"/>
      </object_component>
      <object_component id="oc-34d">
         <name>.debug_info</name>
         <load_address>0x502a</load_address>
         <run_address>0x502a</run_address>
         <size>0xcb</size>
         <input_file_ref idref="fl-3"/>
      </object_component>
      <object_component id="oc-350">
         <name>.debug_info</name>
         <load_address>0x50f5</load_address>
         <run_address>0x50f5</run_address>
         <size>0xcb</size>
         <input_file_ref idref="fl-3"/>
      </object_component>
      <object_component id="oc-353">
         <name>.debug_info</name>
         <load_address>0x51c0</load_address>
         <run_address>0x51c0</run_address>
         <size>0xcf</size>
         <input_file_ref idref="fl-3"/>
      </object_component>
      <object_component id="oc-356">
         <name>.debug_info</name>
         <load_address>0x528f</load_address>
         <run_address>0x528f</run_address>
         <size>0xd1</size>
         <input_file_ref idref="fl-3"/>
      </object_component>
      <object_component id="oc-1f9">
         <name>.debug_info</name>
         <load_address>0x5360</load_address>
         <run_address>0x5360</run_address>
         <size>0x1c2</size>
         <input_file_ref idref="fl-3"/>
      </object_component>
      <object_component id="oc-22e">
         <name>.debug_info</name>
         <load_address>0x5522</load_address>
         <run_address>0x5522</run_address>
         <size>0x17c</size>
         <input_file_ref idref="fl-3"/>
      </object_component>
      <object_component id="oc-224">
         <name>.debug_info</name>
         <load_address>0x569e</load_address>
         <run_address>0x569e</run_address>
         <size>0x166</size>
         <input_file_ref idref="fl-3"/>
      </object_component>
      <object_component id="oc-3b1">
         <name>.debug_info</name>
         <load_address>0x5804</load_address>
         <run_address>0x5804</run_address>
         <size>0x1ab</size>
         <input_file_ref idref="fl-3"/>
      </object_component>
      <object_component id="oc-32f">
         <name>.debug_info</name>
         <load_address>0x59af</load_address>
         <run_address>0x59af</run_address>
         <size>0x216</size>
         <input_file_ref idref="fl-3"/>
      </object_component>
      <object_component id="oc-19f">
         <name>.debug_info</name>
         <load_address>0x5bc5</load_address>
         <run_address>0x5bc5</run_address>
         <size>0x177</size>
         <input_file_ref idref="fl-3"/>
      </object_component>
      <object_component id="oc-17a">
         <name>.debug_info</name>
         <load_address>0x5d3c</load_address>
         <run_address>0x5d3c</run_address>
         <size>0x175</size>
         <input_file_ref idref="fl-3"/>
      </object_component>
      <object_component id="oc-3fd">
         <name>.debug_info</name>
         <load_address>0x5eb1</load_address>
         <run_address>0x5eb1</run_address>
         <size>0x182</size>
         <input_file_ref idref="fl-3"/>
      </object_component>
      <object_component id="oc-291">
         <name>.debug_info</name>
         <load_address>0x6033</load_address>
         <run_address>0x6033</run_address>
         <size>0x17e</size>
         <input_file_ref idref="fl-3"/>
      </object_component>
      <object_component id="oc-297">
         <name>.debug_info</name>
         <load_address>0x61b1</load_address>
         <run_address>0x61b1</run_address>
         <size>0x17a</size>
         <input_file_ref idref="fl-3"/>
      </object_component>
      <object_component id="oc-212">
         <name>.debug_info</name>
         <load_address>0x632b</load_address>
         <run_address>0x632b</run_address>
         <size>0x43a</size>
         <input_file_ref idref="fl-3"/>
      </object_component>
      <object_component id="oc-35c">
         <name>.debug_info</name>
         <load_address>0x6765</load_address>
         <run_address>0x6765</run_address>
         <size>0xbd</size>
         <input_file_ref idref="fl-3"/>
      </object_component>
      <object_component id="oc-361">
         <name>.debug_info</name>
         <load_address>0x6822</load_address>
         <run_address>0x6822</run_address>
         <size>0x165</size>
         <input_file_ref idref="fl-3"/>
      </object_component>
      <object_component id="oc-40f">
         <name>.debug_info</name>
         <load_address>0x6987</load_address>
         <run_address>0x6987</run_address>
         <size>0x2c</size>
         <input_file_ref idref="fl-3"/>
      </object_component>
      <object_component id="oc-21c">
         <name>.debug_info</name>
         <load_address>0x69b3</load_address>
         <run_address>0x69b3</run_address>
         <size>0x7b</size>
         <input_file_ref idref="fl-3"/>
      </object_component>
      <object_component id="oc-344">
         <name>.debug_info</name>
         <load_address>0x6a2e</load_address>
         <run_address>0x6a2e</run_address>
         <size>0x2e6</size>
         <input_file_ref idref="fl-4"/>
      </object_component>
      <object_component id="oc-36e">
         <name>.debug_info</name>
         <load_address>0x6d14</load_address>
         <run_address>0x6d14</run_address>
         <size>0x139</size>
         <input_file_ref idref="fl-4"/>
      </object_component>
      <object_component id="oc-1f3">
         <name>.debug_info</name>
         <load_address>0x6e4d</load_address>
         <run_address>0x6e4d</run_address>
         <size>0x11d</size>
         <input_file_ref idref="fl-4"/>
      </object_component>
      <object_component id="oc-329">
         <name>.debug_info</name>
         <load_address>0x6f6a</load_address>
         <run_address>0x6f6a</run_address>
         <size>0x1d2</size>
         <input_file_ref idref="fl-4"/>
      </object_component>
      <object_component id="oc-235">
         <name>.debug_info</name>
         <load_address>0x713c</load_address>
         <run_address>0x713c</run_address>
         <size>0x2fe</size>
         <input_file_ref idref="fl-4"/>
      </object_component>
      <object_component id="oc-3e9">
         <name>.debug_info</name>
         <load_address>0x743a</load_address>
         <run_address>0x743a</run_address>
         <size>0x11c</size>
         <input_file_ref idref="fl-4"/>
      </object_component>
      <object_component id="oc-323">
         <name>.debug_info</name>
         <load_address>0x7556</load_address>
         <run_address>0x7556</run_address>
         <size>0x23d</size>
         <input_file_ref idref="fl-4"/>
      </object_component>
      <object_component id="oc-3ef">
         <name>.debug_info</name>
         <load_address>0x7793</load_address>
         <run_address>0x7793</run_address>
         <size>0x16b</size>
         <input_file_ref idref="fl-4"/>
      </object_component>
      <object_component id="oc-3f5">
         <name>.debug_info</name>
         <load_address>0x78fe</load_address>
         <run_address>0x78fe</run_address>
         <size>0x17e</size>
         <input_file_ref idref="fl-4"/>
      </object_component>
      <object_component id="oc-368">
         <name>.debug_info</name>
         <load_address>0x7a7c</load_address>
         <run_address>0x7a7c</run_address>
         <size>0x183</size>
         <input_file_ref idref="fl-4"/>
      </object_component>
      <object_component id="oc-217">
         <name>.debug_info</name>
         <load_address>0x7bff</load_address>
         <run_address>0x7bff</run_address>
         <size>0x177</size>
         <input_file_ref idref="fl-4"/>
      </object_component>
      <object_component id="oc-172">
         <name>.debug_info</name>
         <load_address>0x7d76</load_address>
         <run_address>0x7d76</run_address>
         <size>0x1979</size>
         <input_file_ref idref="fl-6"/>
      </object_component>
      <object_component id="oc-177">
         <name>.debug_info</name>
         <load_address>0x96ef</load_address>
         <run_address>0x96ef</run_address>
         <size>0x118</size>
         <input_file_ref idref="fl-6"/>
      </object_component>
      <object_component id="oc-1c0">
         <name>.debug_info</name>
         <load_address>0x9807</load_address>
         <run_address>0x9807</run_address>
         <size>0xea</size>
         <input_file_ref idref="fl-6"/>
      </object_component>
      <object_component id="oc-1bd">
         <name>.debug_info</name>
         <load_address>0x98f1</load_address>
         <run_address>0x98f1</run_address>
         <size>0xf0</size>
         <input_file_ref idref="fl-6"/>
      </object_component>
      <object_component id="oc-195">
         <name>.debug_info</name>
         <load_address>0x99e1</load_address>
         <run_address>0x99e1</run_address>
         <size>0x188</size>
         <input_file_ref idref="fl-6"/>
      </object_component>
      <object_component id="oc-268">
         <name>.debug_info</name>
         <load_address>0x9b69</load_address>
         <run_address>0x9b69</run_address>
         <size>0xd4</size>
         <input_file_ref idref="fl-6"/>
      </object_component>
      <object_component id="oc-3c0">
         <name>.debug_info</name>
         <load_address>0x9c3d</load_address>
         <run_address>0x9c3d</run_address>
         <size>0xe3</size>
         <input_file_ref idref="fl-6"/>
      </object_component>
      <object_component id="oc-3c4">
         <name>.debug_info</name>
         <load_address>0x9d20</load_address>
         <run_address>0x9d20</run_address>
         <size>0xe1</size>
         <input_file_ref idref="fl-6"/>
      </object_component>
      <object_component id="oc-1a7">
         <name>.debug_info</name>
         <load_address>0x9e01</load_address>
         <run_address>0x9e01</run_address>
         <size>0x172</size>
         <input_file_ref idref="fl-6"/>
      </object_component>
      <object_component id="oc-250">
         <name>.debug_info</name>
         <load_address>0x9f73</load_address>
         <run_address>0x9f73</run_address>
         <size>0x48c</size>
         <input_file_ref idref="fl-6"/>
      </object_component>
      <object_component id="oc-2ad">
         <name>.debug_info</name>
         <load_address>0xa3ff</load_address>
         <run_address>0xa3ff</run_address>
         <size>0x1c0</size>
         <input_file_ref idref="fl-6"/>
      </object_component>
      <object_component id="oc-2b3">
         <name>.debug_info</name>
         <load_address>0xa5bf</load_address>
         <run_address>0xa5bf</run_address>
         <size>0x1a9</size>
         <input_file_ref idref="fl-6"/>
      </object_component>
      <object_component id="oc-2b9">
         <name>.debug_info</name>
         <load_address>0xa768</load_address>
         <run_address>0xa768</run_address>
         <size>0x186</size>
         <input_file_ref idref="fl-6"/>
      </object_component>
      <object_component id="oc-336">
         <name>.debug_info</name>
         <load_address>0xa8ee</load_address>
         <run_address>0xa8ee</run_address>
         <size>0x373</size>
         <input_file_ref idref="fl-6"/>
      </object_component>
      <object_component id="oc-183">
         <name>.debug_info</name>
         <load_address>0xac61</load_address>
         <run_address>0xac61</run_address>
         <size>0x196</size>
         <input_file_ref idref="fl-6"/>
      </object_component>
      <object_component id="oc-1b1">
         <name>.debug_info</name>
         <load_address>0xadf7</load_address>
         <run_address>0xadf7</run_address>
[...]
         <value>0x1386a</value>
         <object_component_ref idref="oc-3e8"/>
      </symbol>
      <symbol id="sm-611">
         <name>_ZN6MS580316initializeSensorEv</name>
         <value>0x1365c</value>
         <object_component_ref idref="oc-328"/>
      </symbol>
      <symbol id="sm-7d2">
         <name>i</name>
         <value>0x1c7c</value>
      </symbol>
      <symbol id="sm-7d3">
         <name>temperature</name>
         <value>0x1c8e</value>
      </symbol>
      <symbol id="sm-7d4">
         <name>pressure</name>
         <value>0x1c86</value>
      </symbol>
      <symbol id="sm-7d5">
         <name>temp_min</name>
         <value>0x1c8c</value>
      </symbol>
      <symbol id="sm-7d6">
         <name>temp_max</name>
         <value>0x1c8a</value>
      </symbol>
      <symbol id="sm-7d7">
         <name>pres_min</name>
         <value>0x1c84</value>
      </symbol>
      <symbol id="sm-7d8">
         <name>pres_max</name>
         <value>0x1c82</value>
      </symbol>
      <symbol id="sm-7d9">
         <name>altitude</name>
         <value>0x1c6c</value>
      </symbol>
      <symbol id="sm-7da">
         <name>temp</name>
         <value>0x1c88</value>
      </symbol>
      <symbol id="sm-7db">
         <name>pres</name>
         <value>0x1c80</value>
      </symbol>
      <symbol id="sm-7dc">
         <name>units</name>
         <value>0x1ca7</value>
      </symbol>
      <symbol id="sm-7dd">
         <name>screen</name>
         <value>0x1ca5</value>
      </symbol>
      <symbol id="sm-7de">
         <name>x_offset</name>
         <value>0x1c96</value>
      </symbol>
      <symbol id="sm-7df">
         <name>y_offset</name>
         <value>0x1c9a</value>
      </symbol>
      <symbol id="sm-7e0">
         <name>z_offset</name>
         <value>0x1c9e</value>
      </symbol>
      <symbol id="sm-7e1">
         <name>ref_pressure</name>
         <value>0x1c70</value>
      </symbol>
      <symbol id="sm-7e2">
         <name>voltage</name>
         <value>0x1c92</value>
      </symbol>
      <symbol id="sm-7e3">
         <name>measured</name>
         <value>0x1ca4</value>
      </symbol>
      <symbol id="sm-7e4">
         <name>line_lenght</name>
         <value>0x1c7e</value>
      </symbol>
      <symbol id="sm-7e5">
         <name>direction</name>
         <value>0x1c7a</value>
      </symbol>
      <symbol id="sm-7e6">
         <name>calibration</name>
         <value>0x1ca3</value>
      </symbol>
      <symbol id="sm-7e7">
         <name>cal_pause</name>
         <value>0x1ca2</value>
      </symbol>
      <symbol id="sm-7e8">
         <name>skip</name>
         <value>0x1ca6</value>
      </symbol>
      <symbol id="sm-7e9">
         <name>tick</name>
         <value>0x1c90</value>
      </symbol>
      <symbol id="sm-7ea">
         <name>x</name>
         <value>0x1c94</value>
      </symbol>
      <symbol id="sm-7eb">
         <name>y</name>
         <value>0x1c98</value>
      </symbol>
      <symbol id="sm-7ec">
         <name>z</name>
         <value>0x1c9c</value>
      </symbol>
      <symbol id="sm-7ed">
         <name>ax</name>
         <value>0x1c74</value>
      </symbol>
      <symbol id="sm-7ee">
         <name>ay</name>
         <value>0x1c76</value>
      </symbol>
      <symbol id="sm-7ef">
         <name>az</name>
         <value>0x1c78</value>
      </symbol>
      <symbol id="sm-7f0">
         <name>FRAM_write_ptr</name>
         <value>0x1c68</value>
      </symbol>
      <symbol id="sm-7f1">
         <name>bytes_received</name>
         <value>0x1ca0</value>
      </symbol>
      <symbol id="sm-7f2">
         <name>rx_buffer</name>
         <value>0x1c44</value>
      </symbol>
      <symbol id="sm-7f3">
         <name>values_transmitted</name>
         <value>0x1ca8</value>
      </symbol>
      <symbol id="sm-7f4">
         <name>_Z9PORT1_ISRv</name>
         <value>0x4726</value>
         <object_component_ref idref="oc-ff"/>
      </symbol>
      <symbol id="sm-7f5">
         <name>pressure_array</name>
         <value>0xe500</value>
         <object_component_ref idref="oc-1bf"/>
      </symbol>
      <symbol id="sm-7f6">
         <name>_Z11show_screenv</name>
         <value>0x10000</value>
         <object_component_ref idref="oc-18e"/>
      </symbol>
      <symbol id="sm-7f7">
         <name>__sti___8_main_cpp_display</name>
         <value>0x13908</value>
         <object_component_ref idref="oc-152"/>
      </symbol>
      <symbol id="sm-7f8">
         <name>__TI_int39</name>
         <value>0xffde</value>
         <object_component_ref idref="oc-89"/>
      </symbol>
      <symbol id="sm-7f9">
         <name>__TI_int48</name>
         <value>0xfff0</value>
         <object_component_ref idref="oc-92"/>
      </symbol>
      <symbol id="sm-7fa">
         <name>__TI_int44</name>
         <value>0xffe8</value>
         <object_component_ref idref="oc-8e"/>
      </symbol>
      <symbol id="sm-7fb">
         <name>__TI_int40</name>
         <value>0xffe0</value>
         <object_component_ref idref="oc-8a"/>
      </symbol>
      <symbol id="sm-7fc">
         <name>temperature_array</name>
         <value>0xf040</value>
         <object_component_ref idref="oc-1bc"/>
      </symbol>
      <symbol id="sm-7fd">
         <name>d_counter</name>
         <value>0xe400</value>
         <object_component_ref idref="oc-194"/>
      </symbol>
      <symbol id="sm-7fe">
         <name>_Z11read_sensorv</name>
         <value>0x12fcc</value>
         <object_component_ref idref="oc-1a6"/>
      </symbol>
      <symbol id="sm-7ff">
         <name>_Z3cosi</name>
         <value>0x138a0</value>
         <object_component_ref idref="oc-2b8"/>
      </symbol>
      <symbol id="sm-800">
         <name>_Z11USCI_A0_ISRv</name>
         <value>0x4400</value>
         <object_component_ref idref="oc-111"/>
      </symbol>
      <symbol id="sm-801">
         <name>main</name>
         <value>0x13a52</value>
         <object_component_ref idref="oc-13e"/>
      </symbol>
      <symbol id="sm-802">
         <name>_Z13compass_resetv</name>
         <value>0x12c48</value>
         <object_component_ref idref="oc-335"/>
      </symbol>
      <symbol id="sm-803">
         <name>_Z5spliti</name>
         <value>0x11c26</value>
         <object_component_ref idref="oc-24f"/>
      </symbol>
      <symbol id="sm-804">
         <name>compass</name>
         <value>0x1c20</value>
         <object_component_ref idref="oc-176"/>
      </symbol>
      <symbol id="sm-805">
         <name>display1_time</name>
         <value>0xe402</value>
         <object_component_ref idref="oc-194"/>
      </symbol>
      <symbol id="sm-806">
         <name>display2_time</name>
         <value>0xe403</value>
         <object_component_ref idref="oc-194"/>
      </symbol>
      <symbol id="sm-807">
         <name>display3_time</name>
         <value>0xe404</value>
         <object_component_ref idref="oc-194"/>
      </symbol>
      <symbol id="sm-808">
         <name>_Z4initv</name>
         <value>0x1211a</value>
         <object_component_ref idref="oc-1de"/>
      </symbol>
      <symbol id="sm-809">
         <name>display</name>
         <value>0x1c00</value>
         <object_component_ref idref="oc-176"/>
      </symbol>
      <symbol id="sm-80a">
         <name>_Z12check_buttonv</name>
         <value>0x1351c</value>
         <object_component_ref idref="oc-182"/>
      </symbol>
      <symbol id="sm-80b">
         <name>_Z10TIMER0_ISRv</name>
         <value>0x4862</value>
         <object_component_ref idref="oc-10b"/>
      </symbol>
      <symbol id="sm-80c">
         <name>_Z10TIMER1_ISRv</name>
         <value>0x47d8</value>
         <object_component_ref idref="oc-105"/>
      </symbol>
      <symbol id="sm-80d">
         <name>_Z8sendDataPc</name>
         <value>0x138d4</value>
         <object_component_ref idref="oc-1b0"/>
      </symbol>
      <symbol id="sm-80e">
         <name>str</name>
         <value>0x1cc6</value>
         <object_component_ref idref="oc-267"/>
      </symbol>
      <symbol id="sm-80f">
         <name>_Z9calibratev</name>
         <value>0x115de</value>
         <object_component_ref idref="oc-1e4"/>
      </symbol>
      <symbol id="sm-810">
         <name>time_format</name>
         <value>0xe405</value>
         <object_component_ref idref="oc-194"/>
      </symbol>
      <symbol id="sm-811">
         <name>sensor</name>
         <value>0x1c10</value>
         <object_component_ref idref="oc-176"/>
      </symbol>
      <symbol id="sm-812">
         <name>_Z3sini</name>
         <value>0x13356</value>
         <object_component_ref idref="oc-2b2"/>
      </symbol>
      <symbol id="sm-813">
         <name>_Z4atanl</name>
         <value>0x13610</value>
         <object_component_ref idref="oc-2ac"/>
      </symbol>
      <symbol id="sm-829">
         <name>__TI_decompress_none</name>
         <value>0x13afe</value>
         <object_component_ref idref="oc-75"/>
      </symbol>
      <symbol id="sm-84b">
         <name>__TI_decompress_rle24</name>
         <value>0x13b80</value>
         <object_component_ref idref="oc-7b"/>
      </symbol>
      <symbol id="sm-84e">
         <name>__TI_int31</name>
         <value>0xffce</value>
         <object_component_ref idref="oc-81"/>
      </symbol>
      <symbol id="sm-856">
         <name>__TI_ISR_TRAP</name>
         <value>0x4870</value>
         <object_component_ref idref="oc-fa"/>
      </symbol>
      <symbol id="sm-859">
         <name>__TI_int32</name>
         <value>0xffd0</value>
         <object_component_ref idref="oc-82"/>
      </symbol>
      <symbol id="sm-85c">
         <name>__TI_int33</name>
         <value>0xffd2</value>
         <object_component_ref idref="oc-83"/>
      </symbol>
      <symbol id="sm-85f">
         <name>__TI_int34</name>
         <value>0xffd4</value>
         <object_component_ref idref="oc-84"/>
      </symbol>
      <symbol id="sm-862">
         <name>__TI_int35</name>
         <value>0xffd6</value>
         <object_component_ref idref="oc-85"/>
      </symbol>
      <symbol id="sm-865">
         <name>__TI_int36</name>
         <value>0xffd8</value>
         <object_component_ref idref="oc-86"/>
      </symbol>
      <symbol id="sm-868">
         <name>__TI_int37</name>
         <value>0xffda</value>
         <object_component_ref idref="oc-87"/>
      </symbol>
      <symbol id="sm-86b">
         <name>__TI_int38</name>
         <value>0xffdc</value>
         <object_component_ref idref="oc-88"/>
      </symbol>
      <symbol id="sm-86e">
         <name>__TI_int41</name>
         <value>0xffe2</value>
         <object_component_ref idref="oc-8b"/>
      </symbol>
      <symbol id="sm-871">
         <name>__TI_int42</name>
         <value>0xffe4</value>
         <object_component_ref idref="oc-8c"/>
      </symbol>
      <symbol id="sm-874">
         <name>__TI_int43</name>
         <value>0xffe6</value>
         <object_component_ref idref="oc-8d"/>
      </symbol>
      <symbol id="sm-877">
         <name>__TI_int45</name>
         <value>0xffea</value>
         <object_component_ref idref="oc-8f"/>
      </symbol>
      <symbol id="sm-87a">
         <name>__TI_int46</name>
         <value>0xffec</value>
         <object_component_ref idref="oc-90"/>
      </symbol>
      <symbol id="sm-87d">
         <name>__TI_int47</name>
         <value>0xffee</value>
         <object_component_ref idref="oc-91"/>
      </symbol>
      <symbol id="sm-880">
         <name>__TI_int49</name>
         <value>0xfff2</value>
         <object_component_ref idref="oc-93"/>
      </symbol>
      <symbol id="sm-883">
         <name>__TI_int50</name>
         <value>0xfff4</value>
         <object_component_ref idref="oc-94"/>
      </symbol>
      <symbol id="sm-886">
         <name>__TI_int51</name>
         <value>0xfff6</value>
         <object_component_ref idref="oc-95"/>
      </symbol>
      <symbol id="sm-889">
         <name>__TI_int52</name>
         <value>0xfff8</value>
         <object_component_ref idref="oc-96"/>
      </symbol>
      <symbol id="sm-88c">
         <name>__TI_int53</name>
         <value>0xfffa</value>
         <object_component_ref idref="oc-97"/>
      </symbol>
      <symbol id="sm-88f">
         <name>__TI_int54</name>
         <value>0xfffc</value>
         <object_component_ref idref="oc-98"/>
      </symbol>
      <symbol id="sm-8a2">
         <name>__TI_zero_init</name>
         <value>0x1398c</value>
         <object_component_ref idref="oc-99"/>
      </symbol>
      <symbol id="sm-8ae">
         <name>__mspabi_remi</name>
         <value>0x13936</value>
         <object_component_ref idref="oc-249"/>
      </symbol>
      <symbol id="sm-8af">
         <name>__mspabi_divi</name>
         <value>0x13936</value>
         <object_component_ref idref="oc-249"/>
      </symbol>
      <symbol id="sm-8bc">
         <name>__mspabi_remli</name>
         <value>0x1369c</value>
         <object_component_ref idref="oc-2a7"/>
      </symbol>
      <symbol id="sm-8bd">
         <name>__mspabi_divli</name>
         <value>0x1369c</value>
         <object_component_ref idref="oc-2a7"/>
      </symbol>
      <symbol id="sm-8c7">
         <name>__mspabi_remu</name>
         <value>0x13abe</value>
         <object_component_ref idref="oc-243"/>
      </symbol>
      <symbol id="sm-8c8">
         <name>__mspabi_divu</name>
         <value>0x13abe</value>
         <object_component_ref idref="oc-243"/>
      </symbol>
      <symbol id="sm-8d7">
         <name>__mspabi_remul</name>
         <value>0x1346e</value>
         <object_component_ref idref="oc-3b9"/>
      </symbol>
      <symbol id="sm-8d8">
         <name>__mspabi_divul</name>
         <value>0x1346e</value>
         <object_component_ref idref="oc-3b9"/>
      </symbol>
      <symbol id="sm-90a">
         <name>__mspabi_divull</name>
         <value>0x11244</value>
         <object_component_ref idref="oc-38c"/>
      </symbol>
      <symbol id="sm-918">
         <name>__mspabi_mpyi_f5hw</name>
         <value>0x13ad4</value>
         <object_component_ref idref="oc-1b6"/>
      </symbol>
      <symbol id="sm-92b">
         <name>__mspabi_mpyl_f5hw</name>
         <value>0x139b0</value>
         <object_component_ref idref="oc-2a2"/>
      </symbol>
      <symbol id="sm-940">
         <name>__mspabi_mpyll_f5hw</name>
         <value>0x13414</value>
         <object_component_ref idref="oc-387"/>
      </symbol>
      <symbol id="sm-95f">
         <name>__mspabi_mpysll_f5hw</name>
         <value>0x13962</value>
         <object_component_ref idref="oc-37c"/>
      </symbol>
      <symbol id="sm-969">
         <name>__mspabi_slli</name>
         <value>0x13b64</value>
         <object_component_ref idref="oc-347"/>
      </symbol>
      <symbol id="sm-971">
         <name>__mspabi_slll_9</name>
         <value>0x136f4</value>
         <object_component_ref idref="oc-371"/>
      </symbol>
      <symbol id="sm-972">
         <name>__mspabi_slll_8</name>
         <value>0x136f8</value>
         <object_component_ref idref="oc-371"/>
      </symbol>
      <symbol id="sm-973">
         <name>__mspabi_slll_7</name>
         <value>0x136fc</value>
         <object_component_ref idref="oc-371"/>
      </symbol>
      <symbol id="sm-974">
         <name>__mspabi_slll_6</name>
         <value>0x13700</value>
         <object_component_ref idref="oc-371"/>
      </symbol>
      <symbol id="sm-975">
         <name>__mspabi_slll_5</name>
         <value>0x13704</value>
         <object_component_ref idref="oc-371"/>
      </symbol>
      <symbol id="sm-976">
         <name>__mspabi_slll_4</name>
         <value>0x13708</value>
         <object_component_ref idref="oc-371"/>
      </symbol>
      <symbol id="sm-977">
         <name>__mspabi_slll_3</name>
         <value>0x1370c</value>
         <object_component_ref idref="oc-371"/>
      </symbol>
      <symbol id="sm-978">
         <name>__mspabi_slll_2</name>
         <value>0x13710</value>
         <object_component_ref idref="oc-371"/>
      </symbol>
      <symbol id="sm-979">
         <name>__mspabi_slll_1</name>
         <value>0x13714</value>
         <object_component_ref idref="oc-371"/>
      </symbol>
      <symbol id="sm-97a">
         <name>__mspabi_slll_15</name>
         <value>0x136dc</value>
         <object_component_ref idref="oc-371"/>
      </symbol>
      <symbol id="sm-97b">
         <name>__mspabi_slll_14</name>
         <value>0x136e0</value>
         <object_component_ref idref="oc-371"/>
      </symbol>
      <symbol id="sm-97c">
         <name>__mspabi_slll_13</name>
         <value>0x136e4</value>
         <object_component_ref idref="oc-371"/>
      </symbol>
      <symbol id="sm-97d">
         <name>__mspabi_slll_12</name>
         <value>0x136e8</value>
         <object_component_ref idref="oc-371"/>
      </symbol>
      <symbol id="sm-97e">
         <name>__mspabi_slll_11</name>
         <value>0x136ec</value>
         <object_component_ref idref="oc-371"/>
      </symbol>
      <symbol id="sm-97f">
         <name>__mspabi_slll_10</name>
         <value>0x136f0</value>
         <object_component_ref idref="oc-371"/>
      </symbol>
      <symbol id="sm-98c">
         <name>__mspabi_sllll</name>
         <value>0x1371a</value>
         <object_component_ref idref="oc-376"/>
      </symbol>
      <symbol id="sm-996">
         <name>__mspabi_srll</name>
         <value>0x13b10</value>
         <object_component_ref idref="oc-41c"/>
      </symbol>
      <symbol id="sm-9a3">
         <name>__mspabi_srlll</name>
         <value>0x13754</value>
         <object_component_ref idref="oc-381"/>
      </symbol>
      <symbol id="sm-9ac">
         <name>_stack</name>
         <value>0x2360</value>
         <object_component_ref idref="oc-dc"/>
      </symbol>
      <symbol id="sm-9ad">
         <name>_reset_vector</name>
         <value>0xfffe</value>
         <object_component_ref idref="oc-df"/>
      </symbol>
      <symbol id="sm-9cb">
         <name>_auto_init_hold_wdt</name>
         <value>0x131b8</value>
         <object_component_ref idref="oc-124"/>
      </symbol>
      <symbol id="sm-9d6">
         <name>_c_int00_noargs_noexit</name>
         <value>0x4848</value>
         <object_component_ref idref="oc-b7"/>
      </symbol>
      <symbol id="sm-9e0">
         <name>_system_pre_init</name>
         <value>0x13b86</value>
         <object_component_ref idref="oc-11e"/>
      </symbol>
      <symbol id="sm-9eb">
         <name>C$$EXIT</name>
         <value>0x13b8a</value>
         <object_component_ref idref="oc-146"/>
      </symbol>
      <symbol id="sm-9ec">
         <name>abort</name>
         <value>0x13b8a</value>
         <object_component_ref idref="oc-146"/>
      </symbol>
      <symbol id="sm-9f8">
         <name>abs</name>
         <value>0x13b5a</value>
         <object_component_ref idref="oc-33b"/>
      </symbol>
      <symbol id="sm-a0b">
         <name>memcpy</name>
         <value>0x13aea</value>
         <object_component_ref idref="oc-e0"/>
      </symbol>
      <symbol id="sm-a18">
         <name>strlen</name>
         <value>0x13b20</value>
         <object_component_ref idref="oc-2e5"/>
      </symbol>
   </symbol_table>
   <title>Link successful</title>
</link_info>
